Archive member included to satisfy reference by file (symbol)

c:/st/stm32cubeide_1.10.1/stm32cubeide/plugins/com.st.stm32cube.ide.mcu.externaltools.gnu-tools-for-stm32.10.3-2021.10.win32_1.0.0.202111181127/tools/bin/../lib/gcc/arm-none-eabi/10.3.1/../../../../arm-none-eabi/lib/thumb/v7e-m+fp/hard\libstdc++_nano.a(pure.o)
                              ./Core/Src/rosserial.o (__cxa_pure_virtual)
c:/st/stm32cubeide_1.10.1/stm32cubeide/plugins/com.st.stm32cube.ide.mcu.externaltools.gnu-tools-for-stm32.10.3-2021.10.win32_1.0.0.202111181127/tools/bin/../lib/gcc/arm-none-eabi/10.3.1/../../../../arm-none-eabi/lib/thumb/v7e-m+fp/hard\libstdc++_nano.a(eh_terminate.o)
                              c:/st/stm32cubeide_1.10.1/stm32cubeide/plugins/com.st.stm32cube.ide.mcu.externaltools.gnu-tools-for-stm32.10.3-2021.10.win32_1.0.0.202111181127/tools/bin/../lib/gcc/arm-none-eabi/10.3.1/../../../../arm-none-eabi/lib/thumb/v7e-m+fp/hard\libstdc++_nano.a(pure.o) (std::terminate())
c:/st/stm32cubeide_1.10.1/stm32cubeide/plugins/com.st.stm32cube.ide.mcu.externaltools.gnu-tools-for-stm32.10.3-2021.10.win32_1.0.0.202111181127/tools/bin/../lib/gcc/arm-none-eabi/10.3.1/../../../../arm-none-eabi/lib/thumb/v7e-m+fp/hard\libstdc++_nano.a(eh_unex_handler.o)
                              c:/st/stm32cubeide_1.10.1/stm32cubeide/plugins/com.st.stm32cube.ide.mcu.externaltools.gnu-tools-for-stm32.10.3-2021.10.win32_1.0.0.202111181127/tools/bin/../lib/gcc/arm-none-eabi/10.3.1/../../../../arm-none-eabi/lib/thumb/v7e-m+fp/hard\libstdc++_nano.a(eh_terminate.o) (__cxxabiv1::__unexpected_handler)
c:/st/stm32cubeide_1.10.1/stm32cubeide/plugins/com.st.stm32cube.ide.mcu.externaltools.gnu-tools-for-stm32.10.3-2021.10.win32_1.0.0.202111181127/tools/bin/../lib/gcc/arm-none-eabi/10.3.1/../../../../arm-none-eabi/lib/thumb/v7e-m+fp/hard\libstdc++_nano.a(eh_term_handler.o)
                              c:/st/stm32cubeide_1.10.1/stm32cubeide/plugins/com.st.stm32cube.ide.mcu.externaltools.gnu-tools-for-stm32.10.3-2021.10.win32_1.0.0.202111181127/tools/bin/../lib/gcc/arm-none-eabi/10.3.1/../../../../arm-none-eabi/lib/thumb/v7e-m+fp/hard\libstdc++_nano.a(eh_terminate.o) (__cxxabiv1::__terminate_handler)
c:/st/stm32cubeide_1.10.1/stm32cubeide/plugins/com.st.stm32cube.ide.mcu.externaltools.gnu-tools-for-stm32.10.3-2021.10.win32_1.0.0.202111181127/tools/bin/../lib/gcc/arm-none-eabi/10.3.1/../../../../arm-none-eabi/lib/thumb/v7e-m+fp/hard\libm.a(lib_a-w_exp.o)
                              ./Core/Src/LowPassFilter.o (exp)
c:/st/stm32cubeide_1.10.1/stm32cubeide/plugins/com.st.stm32cube.ide.mcu.externaltools.gnu-tools-for-stm32.10.3-2021.10.win32_1.0.0.202111181127/tools/bin/../lib/gcc/arm-none-eabi/10.3.1/../../../../arm-none-eabi/lib/thumb/v7e-m+fp/hard\libm.a(lib_a-e_exp.o)
                              c:/st/stm32cubeide_1.10.1/stm32cubeide/plugins/com.st.stm32cube.ide.mcu.externaltools.gnu-tools-for-stm32.10.3-2021.10.win32_1.0.0.202111181127/tools/bin/../lib/gcc/arm-none-eabi/10.3.1/../../../../arm-none-eabi/lib/thumb/v7e-m+fp/hard\libm.a(lib_a-w_exp.o) (__ieee754_exp)
c:/st/stm32cubeide_1.10.1/stm32cubeide/plugins/com.st.stm32cube.ide.mcu.externaltools.gnu-tools-for-stm32.10.3-2021.10.win32_1.0.0.202111181127/tools/bin/../lib/gcc/arm-none-eabi/10.3.1/../../../../arm-none-eabi/lib/thumb/v7e-m+fp/hard\libm.a(lib_a-math_err.o)
                              c:/st/stm32cubeide_1.10.1/stm32cubeide/plugins/com.st.stm32cube.ide.mcu.externaltools.gnu-tools-for-stm32.10.3-2021.10.win32_1.0.0.202111181127/tools/bin/../lib/gcc/arm-none-eabi/10.3.1/../../../../arm-none-eabi/lib/thumb/v7e-m+fp/hard\libm.a(lib_a-e_exp.o) (__math_uflow)
c:/st/stm32cubeide_1.10.1/stm32cubeide/plugins/com.st.stm32cube.ide.mcu.externaltools.gnu-tools-for-stm32.10.3-2021.10.win32_1.0.0.202111181127/tools/bin/../lib/gcc/arm-none-eabi/10.3.1/../../../../arm-none-eabi/lib/thumb/v7e-m+fp/hard\libm.a(lib_a-s_finite.o)
                              c:/st/stm32cubeide_1.10.1/stm32cubeide/plugins/com.st.stm32cube.ide.mcu.externaltools.gnu-tools-for-stm32.10.3-2021.10.win32_1.0.0.202111181127/tools/bin/../lib/gcc/arm-none-eabi/10.3.1/../../../../arm-none-eabi/lib/thumb/v7e-m+fp/hard\libm.a(lib_a-w_exp.o) (finite)
c:/st/stm32cubeide_1.10.1/stm32cubeide/plugins/com.st.stm32cube.ide.mcu.externaltools.gnu-tools-for-stm32.10.3-2021.10.win32_1.0.0.202111181127/tools/bin/../lib/gcc/arm-none-eabi/10.3.1/../../../../arm-none-eabi/lib/thumb/v7e-m+fp/hard\libc_nano.a(lib_a-abort.o)
                              c:/st/stm32cubeide_1.10.1/stm32cubeide/plugins/com.st.stm32cube.ide.mcu.externaltools.gnu-tools-for-stm32.10.3-2021.10.win32_1.0.0.202111181127/tools/bin/../lib/gcc/arm-none-eabi/10.3.1/../../../../arm-none-eabi/lib/thumb/v7e-m+fp/hard\libstdc++_nano.a(eh_terminate.o) (abort)
[...]
Memory Configuration

Name             Origin             Length             Attributes
CCMRAM           0x0000000010000000 0x0000000000010000 xrw
RAM              0x0000000020000000 0x0000000000030000 xrw
FLASH            0x0000000008000000 0x0000000000200000 xr
*default*        0x0000000000000000 0xffffffffffffffff

Linker script and memory map

LOAD c:/st/stm32cubeide_1.10.1/stm32cubeide/plugins/com.st.stm32cube.ide.mcu.externaltools.gnu-tools-for-stm32.10.3-2021.10.win32_1.0.0.202111181127/tools/bin/../lib/gcc/arm-none-eabi/10.3.1/thumb/v7e-m+fp/hard/crti.o
LOAD c:/st/stm32cubeide_1.10.1/stm32cubeide/plugins/com.st.stm32cube.ide.mcu.externaltools.gnu-tools-for-stm32.10.3-2021.10.win32_1.0.0.202111181127/tools/bin/../lib/gcc/arm-none-eabi/10.3.1/thumb/v7e-m+fp/hard/crtbegin.o
LOAD c:/st/stm32cubeide_1.10.1/stm32cubeide/plugins/com.st.stm32cube.ide.mcu.externaltools.gnu-tools-for-stm32.10.3-2021.10.win32_1.0.0.202111181127/tools/bin/../lib/gcc/arm-none-eabi/10.3.1/../../../../arm-none-eabi/lib/thumb/v7e-m+fp/hard/crt0.o
LOAD ./Core/Inc/Rosserial_STM32_Inc/duration.o
LOAD ./Core/Inc/Rosserial_STM32_Inc/time.o
LOAD ./Core/Src/LowPassFilter.o
LOAD ./Core/Src/dma.o
LOAD ./Core/Src/encoder.o
LOAD ./Core/Src/gpio.o
LOAD ./Core/Src/kinematic.o
LOAD ./Core/Src/main.o
LOAD ./Core/Src/pid.o
LOAD ./Core/Src/robot.o
LOAD ./Core/Src/rosserial.o
LOAD ./Core/Src/stm32f4xx_hal_msp.o
LOAD ./Core/Src/stm32f4xx_it.o
LOAD ./Core/Src/syscalls.o
LOAD ./Core/Src/sysmem.o
LOAD ./Core/Src/system_stm32f4xx.o
LOAD ./Core/Src/tim.o
LOAD ./Core/Src/usart.o
LOAD ./Core/Src/vnh5019.o
LOAD ./Core/Startup/startup_stm32f429zitx.o
LOAD ./Drivers/STM32F4xx_HAL_Driver/Src/stm32f4xx_hal.o
LOAD ./Drivers/STM32F4xx_HAL_Driver/Src/stm32f4xx_hal_cortex.o
LOAD ./Drivers/STM32F4xx_HAL_Driver/Src/stm32f4xx_hal_dma.o
LOAD ./Drivers/STM32F4xx_HAL_Driver/Src/stm32f4xx_hal_dma_ex.o
LOAD ./Drivers/STM32F4xx_HAL_Driver/Src/stm32f4xx_hal_exti.o
LOAD ./Drivers/STM32F4xx_HAL_Driver/Src/stm32f4xx_hal_flash.o
LOAD ./Drivers/STM32F4xx_HAL_Driver/Src/stm32f4xx_hal_flash_ex.o
LOAD ./Drivers/STM32F4xx_HAL_Driver/Src/stm32f4xx_hal_flash_ramfunc.o
LOAD ./Drivers/STM32F4xx_HAL_Driver/Src/stm32f4xx_hal_gpio.o
LOAD ./Drivers/STM32F4xx_HAL_Driver/Src/stm32f4xx_hal_pwr.o
LOAD ./Drivers/STM32F4xx_HAL_Driver/Src/stm32f4xx_hal_pwr_ex.o
LOAD ./Drivers/STM32F4xx_HAL_Driver/Src/stm32f4xx_hal_rcc.o
LOAD ./Drivers/STM32F4xx_HAL_Driver/Src/stm32f4xx_hal_rcc_ex.o
LOAD ./Drivers/STM32F4xx_HAL_Driver/Src/stm32f4xx_hal_tim.o
LOAD ./Drivers/STM32F4xx_HAL_Driver/Src/stm32f4xx_hal_tim_ex.o
LOAD ./Drivers/STM32F4xx_HAL_Driver/Src/stm32f4xx_hal_uart.o
START GROUP
LOAD c:/st/stm32cubeide_1.10.1/stm32cubeide/plugins/com.st.stm32cube.ide.mcu.externaltools.gnu-tools-for-stm32.10.3-2021.10.win32_1.0.0.202111181127/tools/bin/../lib/gcc/arm-none-eabi/10.3.1/../../../../arm-none-eabi/lib/thumb/v7e-m+fp/hard\libstdc++_nano.a
LOAD c:/st/stm32cubeide_1.10.1/stm32cubeide/plugins/com.st.stm32cube.ide.mcu.externaltools.gnu-tools-for-stm32.10.3-2021.10.win32_1.0.0.202111181127/tools/bin/../lib/gcc/arm-none-eabi/10.3.1/../../../../arm-none-eabi/lib/thumb/v7e-m+fp/hard\libsupc++_nano.a
END GROUP
LOAD c:/st/stm32cubeide_1.10.1/stm32cubeide/plugins/com.st.stm32cube.ide.mcu.externaltools.gnu-tools-for-stm32.10.3-2021.10.win32_1.0.0.202111181127/tools/bin/../lib/gcc/arm-none-eabi/10.3.1/../../../../arm-none-eabi/lib/thumb/v7e-m+fp/hard\libstdc++_nano.a
LOAD c:/st/stm32cubeide_1.10.1/stm32cubeide/plugins/com.st.stm32cube.ide.mcu.externaltools.gnu-tools-for-stm32.10.3-2021.10.win32_1.0.0.202111181127/tools/bin/../lib/gcc/arm-none-eabi/10.3.1/../../../../arm-none-eabi/lib/thumb/v7e-m+fp/hard\libm.a
LOAD c:/st/stm32cubeide_1.10.1/stm32cubeide/plugins/com.st.stm32cube.ide.mcu.externaltools.gnu-tools-for-stm32.10.3-2021.10.win32_1.0.0.202111181127/tools/bin/../lib/gcc/arm-none-eabi/10.3.1/../../../../arm-none-eabi/lib/thumb/v7e-m+fp/hard\libc_nano.a
START GROUP
LOAD c:/st/stm32cubeide_1.10.1/stm32cubeide/plugins/com.st.stm32cube.ide.mcu.externaltools.gnu-tools-for-stm32.10.3-2021.10.win32_1.0.0.202111181127/tools/bin/../lib/gcc/arm-none-eabi/10.3.1/thumb/v7e-m+fp/hard\libgcc.a
LOAD c:/st/stm32cubeide_1.10.1/stm32cubeide/plugins/com.st.stm32cube.ide.mcu.externaltools.gnu-tools-for-stm32.10.3-2021.10.win32_1.0.0.202111181127/tools/bin/../lib/gcc/arm-none-eabi/10.3.1/../../../../arm-none-eabi/lib/thumb/v7e-m+fp/hard\libc_nano.a
END GROUP
START GROUP
LOAD c:/st/stm32cubeide_1.10.1/stm32cubeide/plugins/com.st.stm32cube.ide.mcu.externaltools.gnu-tools-for-stm32.10.3-2021.10.win32_1.0.0.202111181127/tools/bin/../lib/gcc/arm-none-eabi/10.3.1/thumb/v7e-m+fp/hard\libgcc.a
LOAD c:/st/stm32cubeide_1.10.1/stm32cubeide/plugins/com.st.stm32cube.ide.mcu.externaltools.gnu-tools-for-stm32.10.3-2021.10.win32_1.0.0.202111181127/tools/bin/../lib/gcc/arm-none-eabi/10.3.1/../../../../arm-none-eabi/lib/thumb/v7e-m+fp/hard\libc_nano.a
END GROUP
LOAD c:/st/stm32cubeide_1.10.1/stm32cubeide/plugins/com.st.stm32cube.ide.mcu.externaltools.gnu-tools-for-stm32.10.3-2021.10.win32_1.0.0.202111181127/tools/bin/../lib/gcc/arm-none-eabi/10.3.1/thumb/v7e-m+fp/hard/crtend.o
LOAD c:/st/stm32cubeide_1.10.1/stm32cubeide/plugins/com.st.stm32cube.ide.mcu.externaltools.gnu-tools-for-stm32.10.3-2021.10.win32_1.0.0.202111181127/tools/bin/../lib/gcc/arm-none-eabi/10.3.1/thumb/v7e-m+fp/hard/crtn.o
                0x0000000020030000                _estack = (ORIGIN (RAM) + LENGTH (RAM))
                0x0000000000000200                _Min_Heap_Size = 0x200
                0x0000000000000400                _Min_Stack_Size = 0x400

.isr_vector     0x0000000008000000      0x1ac
                0x0000000008000000                . = ALIGN (0x4)
 *(.isr_vector)
 .isr_vector    0x0000000008000000      0x1ac ./Core/Startup/startup_stm32f429zitx.o
                0x0000000008000000                g_pfnVectors
                0x00000000080001ac                . = ALIGN (0x4)

.text           0x00000000080001b0     0x9ca4
                0x00000000080001b0                . = ALIGN (0x4)
 *(.text)
 .text          0x00000000080001b0       0x40 c:/st/stm32cubeide_1.10.1/stm32cubeide/plugins/com.st.stm32cube.ide.mcu.externaltools.gnu-tools-for-stm32.10.3-2021.10.win32_1.0.0.202111181127/tools/bin/../lib/gcc/arm-none-eabi/10.3.1/thumb/v7e-m+fp/hard/crtbegin.o
 .text          0x00000000080001f0       0x10 c:/st/stm32cubeide_1.10.1/stm32cubeide/plugins/com.st.stm32cube.ide.mcu.externaltools.gnu-tools-for-stm32.10.3-2021.10.win32_1.0.0.202111181127/tools/bin/../lib/gcc/arm-none-eabi/10.3.1/../../../../arm-none-eabi/lib/thumb/v7e-m+fp/hard\libc_nano.a(lib_a-strlen.o)
                0x00000000080001f0                strlen
 .text          0x0000000008000200      0x378 c:/st/stm32cubeide_1.10.1/stm32cubeide/plugins/com.st.stm32cube.ide.mcu.externaltools.gnu-tools-for-stm32.10.3-2021.10.win32_1.0.0.202111181127/tools/bin/../lib/gcc/arm-none-eabi/10.3.1/thumb/v7e-m+fp/hard\libgcc.a(_arm_addsubdf3.o)
                0x0000000008000200                __aeabi_drsub
                0x0000000008000208                __aeabi_dsub
                0x0000000008000208                __subdf3
                0x000000000800020c                __aeabi_dadd
                0x000000000800020c                __adddf3
                0x0000000008000484                __floatunsidf
                0x0000000008000484                __aeabi_ui2d
                0x00000000080004a4                __floatsidf
                0x00000000080004a4                __aeabi_i2d
                0x00000000080004c8                __aeabi_f2d
                0x00000000080004c8                __extendsfdf2
                0x000000000800050c                __floatundidf
                0x000000000800050c                __aeabi_ul2d
                0x000000000800051c                __floatdidf
                0x000000000800051c                __aeabi_l2d
 .text          0x0000000008000578      0x424 c:/st/stm32cubeide_1.10.1/stm32cubeide/plugins/com.st.stm32cube.ide.mcu.externaltools.gnu-tools-for-stm32.10.3-2021.10.win32_1.0.0.202111181127/tools/bin/../lib/gcc/arm-none-eabi/10.3.1/thumb/v7e-m+fp/hard\libgcc.a(_arm_muldivdf3.o)
                0x0000000008000578                __aeabi_dmul
                0x0000000008000578                __muldf3
                0x00000000080007cc                __divdf3
                0x00000000080007cc                __aeabi_ddiv
 .text          0x000000000800099c      0x110 c:/st/stm32cubeide_1.10.1/stm32cubeide/plugins/com.st.stm32cube.ide.mcu.externaltools.gnu-tools-for-stm32.10.3-2021.10.win32_1.0.0.202111181127/tools/bin/../lib/gcc/arm-none-eabi/10.3.1/thumb/v7e-m+fp/hard\libgcc.a(_arm_cmpdf2.o)
                0x000000000800099c                __gtdf2
                0x000000000800099c                __gedf2
                0x00000000080009a4                __ltdf2
                0x00000000080009a4                __ledf2
                0x00000000080009ac                __nedf2
                0x00000000080009ac                __eqdf2
                0x00000000080009ac                __cmpdf2
                0x0000000008000a28                __aeabi_cdrcmple
                0x0000000008000a38                __aeabi_cdcmpeq
                0x0000000008000a38                __aeabi_cdcmple
                0x0000000008000a48                __aeabi_dcmpeq
                0x0000000008000a5c                __aeabi_dcmplt
                0x0000000008000a70                __aeabi_dcmple
                0x0000000008000a84                __aeabi_dcmpge
                0x0000000008000a98                __aeabi_dcmpgt
 .text          0x0000000008000aac       0x50 c:/st/stm32cubeide_1.10.1/stm32cubeide/plugins/com.st.stm32cube.ide.mcu.externaltools.gnu-tools-for-stm32.10.3-2021.10.win32_1.0.0.202111181127/tools/bin/../lib/gcc/arm-none-eabi/10.3.1/thumb/v7e-m+fp/hard\libgcc.a(_arm_fixdfsi.o)
                0x0000000008000aac                __aeabi_d2iz
                0x0000000008000aac                __fixdfsi
 .text          0x0000000008000afc       0x30 c:/st/stm32cubeide_1.10.1/stm32cubeide/plugins/com.st.stm32cube.ide.mcu.externaltools.gnu-tools-for-stm32.10.3-2021.10.win32_1.0.0.202111181127/tools/bin/../lib/gcc/arm-none-eabi/10.3.1/thumb/v7e-m+fp/hard\libgcc.a(_aeabi_uldivmod.o)
                0x0000000008000afc                __aeabi_uldivmod
 .text          0x0000000008000b2c      0x2d0 c:/st/stm32cubeide_1.10.1/stm32cubeide/plugins/com.st.stm32cube.ide.mcu.externaltools.gnu-tools-for-stm32.10.3-2021.10.win32_1.0.0.202111181127/tools/bin/../lib/gcc/arm-none-eabi/10.3.1/thumb/v7e-m+fp/hard\libgcc.a(_udivmoddi4.o)
                0x0000000008000b2c                __udivmoddi4
 .text          0x0000000008000dfc        0x4 c:/st/stm32cubeide_1.10.1/stm32cubeide/plugins/com.st.stm32cube.ide.mcu.externaltools.gnu-tools-for-stm32.10.3-2021.10.win32_1.0.0.202111181127/tools/bin/../lib/gcc/arm-none-eabi/10.3.1/thumb/v7e-m+fp/hard\libgcc.a(_dvmd_tls.o)
                0x0000000008000dfc                __aeabi_idiv0
                0x0000000008000dfc                __aeabi_ldiv0
 *(.text*)
 .text._ZN3ros16normalizeSecNSecERmS0_
                0x0000000008000e00       0x58 ./Core/Inc/Rosserial_STM32_Inc/time.o
                0x0000000008000e00                ros::normalizeSecNSec(unsigned long&, unsigned long&)
 .text._ZN13LowPassFilterC2Ev
                0x0000000008000e58       0x32 ./Core/Src/LowPassFilter.o
                0x0000000008000e58                LowPassFilter::LowPassFilter()
                0x0000000008000e58                LowPassFilter::LowPassFilter()
 *fill*         0x0000000008000e8a        0x6 
 .text._ZN13LowPassFilter4initEdd
                0x0000000008000e90       0x94 ./Core/Src/LowPassFilter.o
                0x0000000008000e90                LowPassFilter::init(double, double)
 .text.MX_DMA_Init
                0x0000000008000f24       0x50 ./Core/Src/dma.o
                0x0000000008000f24                MX_DMA_Init
 .text._ZN7EncoderC2Ev
                0x0000000008000f74       0x16 ./Core/Src/encoder.o
                0x0000000008000f74                Encoder::Encoder()
                0x0000000008000f74                Encoder::Encoder()
 .text._ZN7Encoder4initEv
                0x0000000008000f8a       0x3a ./Core/Src/encoder.o
                0x0000000008000f8a                Encoder::init()
 .text._ZN7Encoder4initEP17TIM_HandleTypeDefhmm
                0x0000000008000fc4       0x4e ./Core/Src/encoder.o
                0x0000000008000fc4                Encoder::init(TIM_HandleTypeDef*, unsigned char, unsigned long, unsigned long)
 .text._ZN7Encoder9readDeltaEv
                0x0000000008001012       0xb6 ./Core/Src/encoder.o
                0x0000000008001012                Encoder::readDelta()
 .text.MX_GPIO_Init
                0x00000000080010c8      0x180 ./Core/Src/gpio.o
                0x00000000080010c8                MX_GPIO_Init
 .text._ZN9KinematicC2Ev
                0x0000000008001248       0x16 ./Core/Src/kinematic.o
                0x0000000008001248                Kinematic::Kinematic()
                0x0000000008001248                Kinematic::Kinematic()
 .text._ZN9Kinematic4initEddd
                0x000000000800125e       0x3e ./Core/Src/kinematic.o
                0x000000000800125e                Kinematic::init(double, double, double)
 .text._ZN9Kinematic14readRobotSpeedEddd
                0x000000000800129c       0x3e ./Core/Src/kinematic.o
                0x000000000800129c                Kinematic::readRobotSpeed(double, double, double)
 .text._ZN9Kinematic16inverseKinematicEddd
                0x00000000080012da      0x1b6 ./Core/Src/kinematic.o
                0x00000000080012da                Kinematic::inverseKinematic(double, double, double)
 .text._ZN5RobotC2Ev
                0x0000000008001490       0x74 ./Core/Src/main.o
                0x0000000008001490                Robot::Robot()
                0x0000000008001490                Robot::Robot()
 .text._Z10speed_initv
                0x0000000008001504       0x6c ./Core/Src/main.o
                0x0000000008001504                speed_init()
 .text.HAL_TIM_PeriodElapsedCallback
                0x0000000008001570      0x198 ./Core/Src/main.o
                0x0000000008001570                HAL_TIM_PeriodElapsedCallback
 .text.main     0x0000000008001708       0x4c ./Core/Src/main.o
                0x0000000008001708                main
 .text._Z18SystemClock_Configv
                0x0000000008001754      0x104 ./Core/Src/main.o
                0x0000000008001754                SystemClock_Config()
 .text.Error_Handler
                0x0000000008001858        0xa ./Core/Src/main.o
                0x0000000008001858                Error_Handler
 *fill*         0x0000000008001862        0x2 
 .text._Z41__static_initialization_and_destruction_0ii
                0x0000000008001864       0x2c ./Core/Src/main.o
 .text._GLOBAL__sub_I_robot
                0x0000000008001890       0x10 ./Core/Src/main.o
 .text._ZN3PIDC2Ev
                0x00000000080018a0       0x16 ./Core/Src/pid.o
                0x00000000080018a0                PID::PID()
                0x00000000080018a0                PID::PID()
 .text._ZN3PID4initEv
                0x00000000080018b6       0x14 ./Core/Src/pid.o
                0x00000000080018b6                PID::init()
 .text._ZN3PID4initEddddd
                0x00000000080018ca       0xb0 ./Core/Src/pid.o
                0x00000000080018ca                PID::init(double, double, double, double, double)
 .text._ZN3PID11setSetpointEd
                0x000000000800197a       0x22 ./Core/Src/pid.o
                0x000000000800197a                PID::setSetpoint(double)
 .text._ZN3PID11setFeedbackEd
                0x000000000800199c       0x22 ./Core/Src/pid.o
                0x000000000800199c                PID::setFeedback(double)
 *fill*         0x00000000080019be        0x2 
 .text._ZN3PID10clacOutputEv
                0x00000000080019c0      0x1d8 ./Core/Src/pid.o
                0x00000000080019c0                PID::clacOutput()
 .text._ZN5Robot4initEv
                0x0000000008001b98      0x30c ./Core/Src/robot.o
                0x0000000008001b98                Robot::init()
 *fill*         0x0000000008001ea4        0x4 
 .text._ZN5Robot13diff_to_omegaEl
                0x0000000008001ea8       0x88 ./Core/Src/robot.o
                0x0000000008001ea8                Robot::diff_to_omega(long)
 .text._ZN3ros3MsgC2Ev
                0x0000000008001f30       0x20 ./Core/Src/rosserial.o
                0x0000000008001f30                ros::Msg::Msg()
                0x0000000008001f30                ros::Msg::Msg()
 .text._ZN13geometry_msgs7Vector3C2Ev
                0x0000000008001f50       0x50 ./Core/Src/rosserial.o
                0x0000000008001f50                geometry_msgs::Vector3::Vector3()
                0x0000000008001f50                geometry_msgs::Vector3::Vector3()
 .text._ZNK13geometry_msgs7Vector39serializeEPh
                0x0000000008001fa0      0x2e6 ./Core/Src/rosserial.o
                0x0000000008001fa0                geometry_msgs::Vector3::serialize(unsigned char*) const
 .text._ZN13geometry_msgs7Vector311deserializeEPh
                0x0000000008002286      0x6be ./Core/Src/rosserial.o
                0x0000000008002286                geometry_msgs::Vector3::deserialize(unsigned char*)
 .text._ZN13geometry_msgs7Vector37getTypeEv
                0x0000000008002944       0x1c ./Core/Src/rosserial.o
                0x0000000008002944                geometry_msgs::Vector3::getType()
 .text._ZN13geometry_msgs7Vector36getMD5Ev
                0x0000000008002960       0x1c ./Core/Src/rosserial.o
                0x0000000008002960                geometry_msgs::Vector3::getMD5()
 .text._ZN13geometry_msgs5TwistC2Ev
                0x000000000800297c       0x38 ./Core/Src/rosserial.o
                0x000000000800297c                geometry_msgs::Twist::Twist()
                0x000000000800297c                geometry_msgs::Twist::Twist()
 .text._ZNK13geometry_msgs5Twist9serializeEPh
                0x00000000080029b4       0x4c ./Core/Src/rosserial.o
                0x00000000080029b4                geometry_msgs::Twist::serialize(unsigned char*) const
 .text._ZN13geometry_msgs5Twist11deserializeEPh
                0x0000000008002a00       0x4c ./Core/Src/rosserial.o
                0x0000000008002a00                geometry_msgs::Twist::deserialize(unsigned char*)
 .text._ZN13geometry_msgs5Twist7getTypeEv
                0x0000000008002a4c       0x1c ./Core/Src/rosserial.o
                0x0000000008002a4c                geometry_msgs::Twist::getType()
 .text._ZN13geometry_msgs5Twist6getMD5Ev
                0x0000000008002a68       0x1c ./Core/Src/rosserial.o
                0x0000000008002a68                geometry_msgs::Twist::getMD5()
 .text._ZN14rosserial_msgs3LogC2Ev
                0x0000000008002a84       0x34 ./Core/Src/rosserial.o
                0x0000000008002a84                rosserial_msgs::Log::Log()
                0x0000000008002a84                rosserial_msgs::Log::Log()
 .text._ZNK14rosserial_msgs3Log9serializeEPh
                0x0000000008002ab8       0x64 ./Core/Src/rosserial.o
                0x0000000008002ab8                rosserial_msgs::Log::serialize(unsigned char*) const
 .text._ZN14rosserial_msgs3Log11deserializeEPh
                0x0000000008002b1c       0x90 ./Core/Src/rosserial.o
                0x0000000008002b1c                rosserial_msgs::Log::deserialize(unsigned char*)
 .text._ZN14rosserial_msgs3Log7getTypeEv
                0x0000000008002bac       0x1c ./Core/Src/rosserial.o
                0x0000000008002bac                rosserial_msgs::Log::getType()
 .text._ZN14rosserial_msgs3Log6getMD5Ev
                0x0000000008002bc8       0x1c ./Core/Src/rosserial.o
                0x0000000008002bc8                rosserial_msgs::Log::getMD5()
 .text._ZN14rosserial_msgs20RequestParamResponseC2Ev
                0x0000000008002be4       0x48 ./Core/Src/rosserial.o
                0x0000000008002be4                rosserial_msgs::RequestParamResponse::RequestParamResponse()
                0x0000000008002be4                rosserial_msgs::RequestParamResponse::RequestParamResponse()
 .text._ZNK14rosserial_msgs20RequestParamResponse9serializeEPh
                0x0000000008002c2c      0x222 ./Core/Src/rosserial.o
                0x0000000008002c2c                rosserial_msgs::RequestParamResponse::serialize(unsigned char*) const
 .text._ZN14rosserial_msgs20RequestParamResponse11deserializeEPh
                0x0000000008002e4e      0x2e2 ./Core/Src/rosserial.o
                0x0000000008002e4e                rosserial_msgs::RequestParamResponse::deserialize(unsigned char*)
 .text._ZN14rosserial_msgs20RequestParamResponse7getTypeEv
                0x0000000008003130       0x1c ./Core/Src/rosserial.o
                0x0000000008003130                rosserial_msgs::RequestParamResponse::getType()
 .text._ZN14rosserial_msgs20RequestParamResponse6getMD5Ev
                0x000000000800314c       0x1c ./Core/Src/rosserial.o
                0x000000000800314c                rosserial_msgs::RequestParamResponse::getMD5()
 .text._ZN14rosserial_msgs9TopicInfoC2Ev
                0x0000000008003168       0x48 ./Core/Src/rosserial.o
                0x0000000008003168                rosserial_msgs::TopicInfo::TopicInfo()
                0x0000000008003168                rosserial_msgs::TopicInfo::TopicInfo()
 .text._ZNK14rosserial_msgs9TopicInfo9serializeEPh
                0x00000000080031b0      0x136 ./Core/Src/rosserial.o
                0x00000000080031b0                rosserial_msgs::TopicInfo::serialize(unsigned char*) const
 .text._ZN14rosserial_msgs9TopicInfo11deserializeEPh
                0x00000000080032e6      0x1d0 ./Core/Src/rosserial.o
                0x00000000080032e6                rosserial_msgs::TopicInfo::deserialize(unsigned char*)
 *fill*         0x00000000080034b6        0x2 
 .text._ZN14rosserial_msgs9TopicInfo7getTypeEv
                0x00000000080034b8       0x1c ./Core/Src/rosserial.o
                0x00000000080034b8                rosserial_msgs::TopicInfo::getType()
 .text._ZN14rosserial_msgs9TopicInfo6getMD5Ev
                0x00000000080034d4       0x1c ./Core/Src/rosserial.o
                0x00000000080034d4                rosserial_msgs::TopicInfo::getMD5()
 .text._ZN3ros4TimeC2Ev
                0x00000000080034f0       0x22 ./Core/Src/rosserial.o
                0x00000000080034f0                ros::Time::Time()
                0x00000000080034f0                ros::Time::Time()
 *fill*         0x0000000008003512        0x2 
 .text._ZN8std_msgs4TimeC2Ev
                0x0000000008003514       0x30 ./Core/Src/rosserial.o
                0x0000000008003514                std_msgs::Time::Time()
                0x0000000008003514                std_msgs::Time::Time()
 .text._ZNK8std_msgs4Time9serializeEPh
                0x0000000008003544       0xb0 ./Core/Src/rosserial.o
                0x0000000008003544                std_msgs::Time::serialize(unsigned char*) const
 .text._ZN8std_msgs4Time11deserializeEPh
                0x00000000080035f4       0xc8 ./Core/Src/rosserial.o
                0x00000000080035f4                std_msgs::Time::deserialize(unsigned char*)
 .text._ZN8std_msgs4Time7getTypeEv
                0x00000000080036bc       0x1c ./Core/Src/rosserial.o
                0x00000000080036bc                std_msgs::Time::getType()
 .text._ZN8std_msgs4Time6getMD5Ev
                0x00000000080036d8       0x1c ./Core/Src/rosserial.o
                0x00000000080036d8                std_msgs::Time::getMD5()
 .text._ZN3ros9PublisherC2EPKcPNS_3MsgEi
                0x00000000080036f4       0x2e ./Core/Src/rosserial.o
                0x00000000080036f4                ros::Publisher::Publisher(char const*, ros::Msg*, int)
                0x00000000080036f4                ros::Publisher::Publisher(char const*, ros::Msg*, int)
 .text._ZN3ros9Publisher7publishEPKNS_3MsgE
                0x0000000008003722       0x28 ./Core/Src/rosserial.o
                0x0000000008003722                ros::Publisher::publish(ros::Msg const*)
 .text._ZN3ros9Publisher15getEndpointTypeEv
                0x000000000800374a       0x18 ./Core/Src/rosserial.o
                0x000000000800374a                ros::Publisher::getEndpointType()
 .text._ZN13STM32Hardware10getRdmaIndEv
                0x0000000008003762       0x26 ./Core/Src/rosserial.o
                0x0000000008003762                STM32Hardware::getRdmaInd()
 .text._ZN13STM32HardwareC2Ev
                0x0000000008003788       0x38 ./Core/Src/rosserial.o
                0x0000000008003788                STM32Hardware::STM32Hardware()
                0x0000000008003788                STM32Hardware::STM32Hardware()
 .text._ZN13STM32Hardware4initEv
                0x00000000080037c0       0x16 ./Core/Src/rosserial.o
                0x00000000080037c0                STM32Hardware::init()
 .text._ZN13STM32Hardware10reset_rbufEv
                0x00000000080037d6       0x22 ./Core/Src/rosserial.o
                0x00000000080037d6                STM32Hardware::reset_rbuf()
 .text._ZN13STM32Hardware4readEv
                0x00000000080037f8       0x5a ./Core/Src/rosserial.o
                0x00000000080037f8                STM32Hardware::read()
 *fill*         0x0000000008003852        0x2 
 .text._ZN13STM32Hardware5flushEv
                0x0000000008003854       0xbc ./Core/Src/rosserial.o
                0x0000000008003854                STM32Hardware::flush()
 .text._ZN13STM32Hardware5writeEPhi
                0x0000000008003910       0x8c ./Core/Src/rosserial.o
                0x0000000008003910                STM32Hardware::write(unsigned char*, int)
 .text._ZN13STM32Hardware4timeEv
                0x000000000800399c       0x16 ./Core/Src/rosserial.o
                0x000000000800399c                STM32Hardware::time()
 *fill*         0x00000000080039b2        0x2 
 .text._Z12vel_callbackRKN13geometry_msgs5TwistE
                0x00000000080039b4       0x3c ./Core/Src/rosserial.o
                0x00000000080039b4                vel_callback(geometry_msgs::Twist const&)
 .text.HAL_UART_TxCpltCallback
                0x00000000080039f0       0x24 ./Core/Src/rosserial.o
                0x00000000080039f0                HAL_UART_TxCpltCallback
 .text.HAL_UART_RxCpltCallback
                0x0000000008003a14       0x24 ./Core/Src/rosserial.o
                0x0000000008003a14                HAL_UART_RxCpltCallback
 .text.rosserial_setup
                0x0000000008003a38       0x34 ./Core/Src/rosserial.o
                0x0000000008003a38                rosserial_setup
 .text.odom_store
                0x0000000008003a6c       0x3c ./Core/Src/rosserial.o
                0x0000000008003a6c                odom_store
 .text.odom_pub
                0x0000000008003aa8       0x24 ./Core/Src/rosserial.o
                0x0000000008003aa8                odom_pub
 .text._ZN3ros3Msg8varToArrIPhmEEvT_T0_
                0x0000000008003acc       0x3c ./Core/Src/rosserial.o
                0x0000000008003acc                void ros::Msg::varToArr<unsigned char*, unsigned long>(unsigned char*, unsigned long)
 .text._ZN3ros3Msg8arrToVarImPhEEvRT_T0_
                0x0000000008003b08       0x4a ./Core/Src/rosserial.o
                0x0000000008003b08                void ros::Msg::arrToVar<unsigned long, unsigned char*>(unsigned long&, unsigned char*)
 *fill*         0x0000000008003b52        0x2 
 .text._ZN3ros15NodeHandleBase_C2Ev
                0x0000000008003b54       0x20 ./Core/Src/rosserial.o
                0x0000000008003b54                ros::NodeHandleBase_::NodeHandleBase_()
                0x0000000008003b54                ros::NodeHandleBase_::NodeHandleBase_()
 .text._ZN3ros11NodeHandle_I13STM32HardwareLi25ELi25ELi512ELi512EEC2Ev
                0x0000000008003b74      0x100 ./Core/Src/rosserial.o
                0x0000000008003b74                ros::NodeHandle_<STM32Hardware, 25, 25, 512, 512>::NodeHandle_()
                0x0000000008003b74                ros::NodeHandle_<STM32Hardware, 25, 25, 512, 512>::NodeHandle_()
 .text._ZN3ros11Subscriber_C2Ev
                0x0000000008003c74       0x20 ./Core/Src/rosserial.o
                0x0000000008003c74                ros::Subscriber_::Subscriber_()
                0x0000000008003c74                ros::Subscriber_::Subscriber_()
 .text._ZN3ros10SubscriberIN13geometry_msgs5TwistEvEC2EPKcPFvRKS2_Ei
                0x0000000008003c94       0x48 ./Core/Src/rosserial.o
                0x0000000008003c94                ros::Subscriber<geometry_msgs::Twist, void>::Subscriber(char const*, void (*)(geometry_msgs::Twist const&), int)
                0x0000000008003c94                ros::Subscriber<geometry_msgs::Twist, void>::Subscriber(char const*, void (*)(geometry_msgs::Twist const&), int)
 .text._ZN3ros11NodeHandle_I13STM32HardwareLi25ELi25ELi512ELi512EE11getHardwareEv
                0x0000000008003cdc       0x18 ./Core/Src/rosserial.o
                0x0000000008003cdc                ros::NodeHandle_<STM32Hardware, 25, 25, 512, 512>::getHardware()
 .text._ZN3ros11NodeHandle_I13STM32HardwareLi25ELi25ELi512ELi512EE8initNodeEv
                0x0000000008003cf4       0x3a ./Core/Src/rosserial.o
                0x0000000008003cf4                ros::NodeHandle_<STM32Hardware, 25, 25, 512, 512>::initNode()
 .text._ZN3ros11NodeHandle_I13STM32HardwareLi25ELi25ELi512ELi512EE9advertiseERNS_9PublisherE
                0x0000000008003d2e       0x60 ./Core/Src/rosserial.o
                0x0000000008003d2e                ros::NodeHandle_<STM32Hardware, 25, 25, 512, 512>::advertise(ros::Publisher&)
 .text._ZN3ros11NodeHandle_I13STM32HardwareLi25ELi25ELi512ELi512EE9subscribeINS_10SubscriberIN13geometry_msgs5TwistEvEEEEbRT_
                0x0000000008003d8e       0x56 ./Core/Src/rosserial.o
                0x0000000008003d8e                bool ros::NodeHandle_<STM32Hardware, 25, 25, 512, 512>::subscribe<ros::Subscriber<geometry_msgs::Twist, void> >(ros::Subscriber<geometry_msgs::Twist, void>&)
 .text._ZN3ros11NodeHandle_I13STM32HardwareLi25ELi25ELi512ELi512EE8spinOnceEv
                0x0000000008003de4      0x3b2 ./Core/Src/rosserial.o
                0x0000000008003de4                ros::NodeHandle_<STM32Hardware, 25, 25, 512, 512>::spinOnce()
 .text._ZN3ros11NodeHandle_I13STM32HardwareLi25ELi25ELi512ELi512EE15requestSyncTimeEv
                0x0000000008004196       0x3c ./Core/Src/rosserial.o
                0x0000000008004196                ros::NodeHandle_<STM32Hardware, 25, 25, 512, 512>::requestSyncTime()
 .text._ZN3ros11NodeHandle_I13STM32HardwareLi25ELi25ELi512ELi512EE15negotiateTopicsEv
                0x00000000080041d2      0x1be ./Core/Src/rosserial.o
                0x00000000080041d2                ros::NodeHandle_<STM32Hardware, 25, 25, 512, 512>::negotiateTopics()
 .text._ZN3ros11NodeHandle_I13STM32HardwareLi25ELi25ELi512ELi512EE8syncTimeEPh
                0x0000000008004390       0x98 ./Core/Src/rosserial.o
                0x0000000008004390                ros::NodeHandle_<STM32Hardware, 25, 25, 512, 512>::syncTime(unsigned char*)
 .text._ZN3ros11NodeHandle_I13STM32HardwareLi25ELi25ELi512ELi512EE7publishEiPKNS_3MsgE
                0x0000000008004428      0x128 ./Core/Src/rosserial.o
                0x0000000008004428                ros::NodeHandle_<STM32Hardware, 25, 25, 512, 512>::publish(int, ros::Msg const*)
 .text._ZN3ros11NodeHandle_I13STM32HardwareLi25ELi25ELi512ELi512EE6setNowERNS_4TimeE
                0x0000000008004550       0x80 ./Core/Src/rosserial.o
                0x0000000008004550                ros::NodeHandle_<STM32Hardware, 25, 25, 512, 512>::setNow(ros::Time&)
 .text._ZN3ros11NodeHandle_I13STM32HardwareLi25ELi25ELi512ELi512EE8logerrorEPKc
                0x00000000080045d0       0x1c ./Core/Src/rosserial.o
                0x00000000080045d0                ros::NodeHandle_<STM32Hardware, 25, 25, 512, 512>::logerror(char const*)
 .text._ZN3ros11NodeHandle_I13STM32HardwareLi25ELi25ELi512ELi512EE3logEcPKc
                0x00000000080045ec       0x38 ./Core/Src/rosserial.o
                0x00000000080045ec                ros::NodeHandle_<STM32Hardware, 25, 25, 512, 512>::log(char, char const*)
 .text._Z41__static_initialization_and_destruction_0ii
                0x0000000008004624       0x64 ./Core/Src/rosserial.o
 .text._ZN3ros10SubscriberIN13geometry_msgs5TwistEvE8callbackEPh
                0x0000000008004688       0x2a ./Core/Src/rosserial.o
                0x0000000008004688                ros::Subscriber<geometry_msgs::Twist, void>::callback(unsigned char*)
 .text._ZN3ros10SubscriberIN13geometry_msgs5TwistEvE15getEndpointTypeEv
                0x00000000080046b2       0x18 ./Core/Src/rosserial.o
                0x00000000080046b2                ros::Subscriber<geometry_msgs::Twist, void>::getEndpointType()
 .text._ZN3ros10SubscriberIN13geometry_msgs5TwistEvE10getMsgTypeEv
                0x00000000080046ca       0x1c ./Core/Src/rosserial.o
                0x00000000080046ca                ros::Subscriber<geometry_msgs::Twist, void>::getMsgType()
 .text._ZN3ros10SubscriberIN13geometry_msgs5TwistEvE9getMsgMD5Ev
                0x00000000080046e6       0x1c ./Core/Src/rosserial.o
                0x00000000080046e6                ros::Subscriber<geometry_msgs::Twist, void>::getMsgMD5()
 .text._ZN3ros11NodeHandle_I13STM32HardwareLi25ELi25ELi512ELi512EE9connectedEv
                0x0000000008004702       0x1a ./Core/Src/rosserial.o
                0x0000000008004702                ros::NodeHandle_<STM32Hardware, 25, 25, 512, 512>::connected()
 .text._GLOBAL__sub_I__Z12vel_callbackRKN13geometry_msgs5TwistE
                0x000000000800471c       0x10 ./Core/Src/rosserial.o
 .text.HAL_MspInit
                0x000000000800472c       0x50 ./Core/Src/stm32f4xx_hal_msp.o
                0x000000000800472c                HAL_MspInit
 .text.NMI_Handler
                0x000000000800477c        0xa ./Core/Src/stm32f4xx_it.o
                0x000000000800477c                NMI_Handler
 .text.HardFault_Handler
                0x0000000008004786        0x6 ./Core/Src/stm32f4xx_it.o
                0x0000000008004786                HardFault_Handler
 .text.MemManage_Handler
                0x000000000800478c        0x6 ./Core/Src/stm32f4xx_it.o
                0x000000000800478c                MemManage_Handler
 .text.BusFault_Handler
                0x0000000008004792        0x6 ./Core/Src/stm32f4xx_it.o
                0x0000000008004792                BusFault_Handler
 .text.UsageFault_Handler
                0x0000000008004798        0x6 ./Core/Src/stm32f4xx_it.o
                0x0000000008004798                UsageFault_Handler
 .text.SVC_Handler
                0x000000000800479e        0xe ./Core/Src/stm32f4xx_it.o
                0x000000000800479e                SVC_Handler
 .text.DebugMon_Handler
                0x00000000080047ac        0xe ./Core/Src/stm32f4xx_it.o
                0x00000000080047ac                DebugMon_Handler
 .text.PendSV_Handler
                0x00000000080047ba        0xe ./Core/Src/stm32f4xx_it.o
                0x00000000080047ba                PendSV_Handler
 .text.SysTick_Handler
                0x00000000080047c8        0xc ./Core/Src/stm32f4xx_it.o
                0x00000000080047c8                SysTick_Handler
 .text.DMA1_Stream1_IRQHandler
                0x00000000080047d4       0x14 ./Core/Src/stm32f4xx_it.o
                0x00000000080047d4                DMA1_Stream1_IRQHandler
 .text.DMA1_Stream3_IRQHandler
                0x00000000080047e8       0x14 ./Core/Src/stm32f4xx_it.o
                0x00000000080047e8                DMA1_Stream3_IRQHandler
 .text.USART3_IRQHandler
                0x00000000080047fc       0x14 ./Core/Src/stm32f4xx_it.o
                0x00000000080047fc                USART3_IRQHandler
 .text.TIM6_DAC_IRQHandler
                0x0000000008004810       0x14 ./Core/Src/stm32f4xx_it.o
                0x0000000008004810                TIM6_DAC_IRQHandler
 .text.TIM7_IRQHandler
                0x0000000008004824       0x14 ./Core/Src/stm32f4xx_it.o
                0x0000000008004824                TIM7_IRQHandler
 .text._getpid  0x0000000008004838       0x10 ./Core/Src/syscalls.o
                0x0000000008004838                _getpid
 .text._kill    0x0000000008004848       0x20 ./Core/Src/syscalls.o
                0x0000000008004848                _kill
 .text._exit    0x0000000008004868       0x14 ./Core/Src/syscalls.o
                0x0000000008004868                _exit
 .text._sbrk    0x000000000800487c       0x6c ./Core/Src/sysmem.o
                0x000000000800487c                _sbrk
 .text.SystemInit
                0x00000000080048e8       0x24 ./Core/Src/system_stm32f4xx.o
                0x00000000080048e8                SystemInit
 .text.MX_TIM2_Init
                0x000000000800490c       0xa8 ./Core/Src/tim.o
                0x000000000800490c                MX_TIM2_Init
 .text.MX_TIM3_Init
                0x00000000080049b4       0xa8 ./Core/Src/tim.o
                0x00000000080049b4                MX_TIM3_Init
 .text.MX_TIM4_Init
                0x0000000008004a5c       0xa8 ./Core/Src/tim.o
                0x0000000008004a5c                MX_TIM4_Init
 .text.MX_TIM5_Init
                0x0000000008004b04       0xa8 ./Core/Src/tim.o
                0x0000000008004b04                MX_TIM5_Init
 .text.MX_TIM6_Init
                0x0000000008004bac       0x6c ./Core/Src/tim.o
                0x0000000008004bac                MX_TIM6_Init
 .text.MX_TIM7_Init
                0x0000000008004c18       0x6c ./Core/Src/tim.o
                0x0000000008004c18                MX_TIM7_Init
 .text.MX_TIM9_Init
                0x0000000008004c84       0xdc ./Core/Src/tim.o
                0x0000000008004c84                MX_TIM9_Init
 .text.MX_TIM12_Init
                0x0000000008004d60       0xdc ./Core/Src/tim.o
                0x0000000008004d60                MX_TIM12_Init
 .text.HAL_TIM_Encoder_MspInit
                0x0000000008004e3c      0x20c ./Core/Src/tim.o
                0x0000000008004e3c                HAL_TIM_Encoder_MspInit
 .text.HAL_TIM_Base_MspInit
                0x0000000008005048       0xe4 ./Core/Src/tim.o
                0x0000000008005048                HAL_TIM_Base_MspInit
 .text.HAL_TIM_MspPostInit
                0x000000000800512c       0xc4 ./Core/Src/tim.o
                0x000000000800512c                HAL_TIM_MspPostInit
 .text.MX_USART3_UART_Init
                0x00000000080051f0       0x54 ./Core/Src/usart.o
                0x00000000080051f0                MX_USART3_UART_Init
 .text.HAL_UART_MspInit
                0x0000000008005244      0x1b0 ./Core/Src/usart.o
                0x0000000008005244                HAL_UART_MspInit
 .text._ZN7VNH5019C2Ev
                0x00000000080053f4       0x16 ./Core/Src/vnh5019.o
                0x00000000080053f4                VNH5019::VNH5019()
                0x00000000080053f4                VNH5019::VNH5019()
 .text._ZN7VNH50194initEv
                0x000000000800540a       0x66 ./Core/Src/vnh5019.o
                0x000000000800540a                VNH5019::init()
 .text._ZN7VNH50194initEP17TIM_HandleTypeDefmmP12GPIO_TypeDefS3_tt
                0x0000000008005470       0x5c ./Core/Src/vnh5019.o
                0x0000000008005470                VNH5019::init(TIM_HandleTypeDef*, unsigned long, unsigned long, GPIO_TypeDef*, GPIO_TypeDef*, unsigned short, unsigned short)
 .text._ZN7VNH501911setInvertedEb
                0x00000000080054cc       0x1e ./Core/Src/vnh5019.o
                0x00000000080054cc                VNH5019::setInverted(bool)
 *fill*         0x00000000080054ea        0x2 
 .text._ZN7VNH50199writeDutyEd
                0x00000000080054ec      0x1e4 ./Core/Src/vnh5019.o
                0x00000000080054ec                VNH5019::writeDuty(double)
 .text.Reset_Handler
                0x00000000080056d0       0x50 ./Core/Startup/startup_stm32f429zitx.o
                0x00000000080056d0                Reset_Handler
 .text.Default_Handler
                0x0000000008005720        0x2 ./Core/Startup/startup_stm32f429zitx.o
                0x0000000008005720                RTC_Alarm_IRQHandler
                0x0000000008005720                HASH_RNG_IRQHandler
                0x0000000008005720                EXTI2_IRQHandler
                0x0000000008005720                TIM8_CC_IRQHandler
                0x0000000008005720                UART8_IRQHandler
                0x0000000008005720                SPI4_IRQHandler
                0x0000000008005720                TIM1_CC_IRQHandler
                0x0000000008005720                DMA2_Stream5_IRQHandler
                0x0000000008005720                DMA1_Stream5_IRQHandler
                0x0000000008005720                PVD_IRQHandler
                0x0000000008005720                SDIO_IRQHandler
                0x0000000008005720                TAMP_STAMP_IRQHandler
                0x0000000008005720                CAN2_RX1_IRQHandler
                0x0000000008005720                EXTI3_IRQHandler
                0x0000000008005720                TIM8_TRG_COM_TIM14_IRQHandler
                0x0000000008005720                TIM1_UP_TIM10_IRQHandler
                0x0000000008005720                TIM8_UP_TIM13_IRQHandler
                0x0000000008005720                I2C3_ER_IRQHandler
                0x0000000008005720                EXTI0_IRQHandler
                0x0000000008005720                I2C2_EV_IRQHandler
                0x0000000008005720                DMA1_Stream2_IRQHandler
                0x0000000008005720                CAN1_RX0_IRQHandler
                0x0000000008005720                FPU_IRQHandler
                0x0000000008005720                OTG_HS_WKUP_IRQHandler
                0x0000000008005720                LTDC_ER_IRQHandler
                0x0000000008005720                CAN2_SCE_IRQHandler
                0x0000000008005720                DMA2_Stream2_IRQHandler
                0x0000000008005720                SPI1_IRQHandler
                0x0000000008005720                TIM1_BRK_TIM9_IRQHandler
                0x0000000008005720                DCMI_IRQHandler
                0x0000000008005720                CAN2_RX0_IRQHandler
                0x0000000008005720                DMA2_Stream3_IRQHandler
                0x0000000008005720                USART6_IRQHandler
                0x0000000008005720                CAN1_RX1_IRQHandler
                0x0000000008005720                UART5_IRQHandler
                0x0000000008005720                DMA2_Stream0_IRQHandler
                0x0000000008005720                TIM4_IRQHandler
                0x0000000008005720                I2C1_EV_IRQHandler
                0x0000000008005720                DMA1_Stream6_IRQHandler
                0x0000000008005720                UART4_IRQHandler
                0x0000000008005720                TIM3_IRQHandler
                0x0000000008005720                RCC_IRQHandler
                0x0000000008005720                TIM8_BRK_TIM12_IRQHandler
                0x0000000008005720                Default_Handler
                0x0000000008005720                EXTI15_10_IRQHandler
                0x0000000008005720                ADC_IRQHandler
                0x0000000008005720                DMA1_Stream7_IRQHandler
                0x0000000008005720                SPI5_IRQHandler
                0x0000000008005720                CAN2_TX_IRQHandler
                0x0000000008005720                TIM5_IRQHandler
                0x0000000008005720                DMA2_Stream7_IRQHandler
                0x0000000008005720                I2C3_EV_IRQHandler
                0x0000000008005720                EXTI9_5_IRQHandler
                0x0000000008005720                RTC_WKUP_IRQHandler
                0x0000000008005720                LTDC_IRQHandler
                0x0000000008005720                ETH_WKUP_IRQHandler
                0x0000000008005720                SPI2_IRQHandler
                0x0000000008005720                OTG_HS_EP1_IN_IRQHandler
                0x0000000008005720                DMA1_Stream0_IRQHandler
                0x0000000008005720                CAN1_TX_IRQHandler
                0x0000000008005720                EXTI4_IRQHandler
                0x0000000008005720                ETH_IRQHandler
                0x0000000008005720                OTG_HS_EP1_OUT_IRQHandler
                0x0000000008005720                WWDG_IRQHandler
                0x0000000008005720                SPI6_IRQHandler
                0x0000000008005720                TIM2_IRQHandler
                0x0000000008005720                OTG_FS_WKUP_IRQHandler
                0x0000000008005720                TIM1_TRG_COM_TIM11_IRQHandler
                0x0000000008005720                OTG_HS_IRQHandler
                0x0000000008005720                DMA2D_IRQHandler
                0x0000000008005720                EXTI1_IRQHandler
                0x0000000008005720                UART7_IRQHandler
                0x0000000008005720                USART2_IRQHandler
                0x0000000008005720                I2C2_ER_IRQHandler
                0x0000000008005720                DMA2_Stream1_IRQHandler
                0x0000000008005720                CAN1_SCE_IRQHandler
                0x0000000008005720                FLASH_IRQHandler
                0x0000000008005720                DMA2_Stream4_IRQHandler
                0x0000000008005720                USART1_IRQHandler
                0x0000000008005720                OTG_FS_IRQHandler
                0x0000000008005720                SPI3_IRQHandler
                0x0000000008005720                DMA1_Stream4_IRQHandler
                0x0000000008005720                I2C1_ER_IRQHandler
                0x0000000008005720                FMC_IRQHandler
                0x0000000008005720                DMA2_Stream6_IRQHandler
                0x0000000008005720                SAI1_IRQHandler
 *fill*         0x0000000008005722        0x2 
 .text.HAL_Init
                0x0000000008005724       0x44 ./Drivers/STM32F4xx_HAL_Driver/Src/stm32f4xx_hal.o
                0x0000000008005724                HAL_Init
 .text.HAL_InitTick
                0x0000000008005768       0x60 ./Drivers/STM32F4xx_HAL_Driver/Src/stm32f4xx_hal.o
                0x0000000008005768                HAL_InitTick
 .text.HAL_IncTick
                0x00000000080057c8       0x28 ./Drivers/STM32F4xx_HAL_Driver/Src/stm32f4xx_hal.o
                0x00000000080057c8                HAL_IncTick
 .text.HAL_GetTick
                0x00000000080057f0       0x18 ./Drivers/STM32F4xx_HAL_Driver/Src/stm32f4xx_hal.o
                0x00000000080057f0                HAL_GetTick
 .text.__NVIC_SetPriorityGrouping
                0x0000000008005808       0x48 ./Drivers/STM32F4xx_HAL_Driver/Src/stm32f4xx_hal_cortex.o
 .text.__NVIC_GetPriorityGrouping
                0x0000000008005850       0x1c ./Drivers/STM32F4xx_HAL_Driver/Src/stm32f4xx_hal_cortex.o
 .text.__NVIC_EnableIRQ
                0x000000000800586c       0x3c ./Drivers/STM32F4xx_HAL_Driver/Src/stm32f4xx_hal_cortex.o
 .text.__NVIC_SetPriority
                0x00000000080058a8       0x54 ./Drivers/STM32F4xx_HAL_Driver/Src/stm32f4xx_hal_cortex.o
 .text.NVIC_EncodePriority
                0x00000000080058fc       0x66 ./Drivers/STM32F4xx_HAL_Driver/Src/stm32f4xx_hal_cortex.o
 *fill*         0x0000000008005962        0x2 
 .text.SysTick_Config
                0x0000000008005964       0x44 ./Drivers/STM32F4xx_HAL_Driver/Src/stm32f4xx_hal_cortex.o
 .text.HAL_NVIC_SetPriorityGrouping
                0x00000000080059a8       0x16 ./Drivers/STM32F4xx_HAL_Driver/Src/stm32f4xx_hal_cortex.o
                0x00000000080059a8                HAL_NVIC_SetPriorityGrouping
 .text.HAL_NVIC_SetPriority
                0x00000000080059be       0x38 ./Drivers/STM32F4xx_HAL_Driver/Src/stm32f4xx_hal_cortex.o
                0x00000000080059be                HAL_NVIC_SetPriority
 .text.HAL_NVIC_EnableIRQ
                0x00000000080059f6       0x1c ./Drivers/STM32F4xx_HAL_Driver/Src/stm32f4xx_hal_cortex.o
                0x00000000080059f6                HAL_NVIC_EnableIRQ
 .text.HAL_SYSTICK_Config
                0x0000000008005a12       0x18 ./Drivers/STM32F4xx_HAL_Driver/Src/stm32f4xx_hal_cortex.o
                0x0000000008005a12                HAL_SYSTICK_Config
 *fill*         0x0000000008005a2a        0x2 
 .text.HAL_DMA_Init
                0x0000000008005a2c      0x15c ./Drivers/STM32F4xx_HAL_Driver/Src/stm32f4xx_hal_dma.o
                0x0000000008005a2c                HAL_DMA_Init
 .text.HAL_DMA_Start_IT
                0x0000000008005b88       0xb0 ./Drivers/STM32F4xx_HAL_Driver/Src/stm32f4xx_hal_dma.o
                0x0000000008005b88                HAL_DMA_Start_IT
 .text.HAL_DMA_Abort
                0x0000000008005c38       0xe0 ./Drivers/STM32F4xx_HAL_Driver/Src/stm32f4xx_hal_dma.o
                0x0000000008005c38                HAL_DMA_Abort
 .text.HAL_DMA_Abort_IT
                0x0000000008005d18       0x44 ./Drivers/STM32F4xx_HAL_Driver/Src/stm32f4xx_hal_dma.o
                0x0000000008005d18                HAL_DMA_Abort_IT
 .text.HAL_DMA_IRQHandler
                0x0000000008005d5c      0x314 ./Drivers/STM32F4xx_HAL_Driver/Src/stm32f4xx_hal_dma.o
                0x0000000008005d5c                HAL_DMA_IRQHandler
 .text.DMA_SetConfig
                0x0000000008006070       0x5c ./Drivers/STM32F4xx_HAL_Driver/Src/stm32f4xx_hal_dma.o
 .text.DMA_CalcBaseAndBitshift
                0x00000000080060cc       0x6c ./Drivers/STM32F4xx_HAL_Driver/Src/stm32f4xx_hal_dma.o
 .text.DMA_CheckFifoParam
                0x0000000008006138       0xf8 ./Drivers/STM32F4xx_HAL_Driver/Src/stm32f4xx_hal_dma.o
 .text.HAL_GPIO_Init
                0x0000000008006230      0x358 ./Drivers/STM32F4xx_HAL_Driver/Src/stm32f4xx_hal_gpio.o
                0x0000000008006230                HAL_GPIO_Init
 .text.HAL_GPIO_WritePin
                0x0000000008006588       0x32 ./Drivers/STM32F4xx_HAL_Driver/Src/stm32f4xx_hal_gpio.o
                0x0000000008006588                HAL_GPIO_WritePin
 *fill*         0x00000000080065ba        0x2 
 .text.HAL_PWREx_EnableOverDrive
                0x00000000080065bc       0xa0 ./Drivers/STM32F4xx_HAL_Driver/Src/stm32f4xx_hal_pwr_ex.o
                0x00000000080065bc                HAL_PWREx_EnableOverDrive
 .text.HAL_RCC_OscConfig
                0x000000000800665c      0x4f0 ./Drivers/STM32F4xx_HAL_Driver/Src/stm32f4xx_hal_rcc.o
                0x000000000800665c                HAL_RCC_OscConfig
 .text.HAL_RCC_ClockConfig
                0x0000000008006b4c      0x1cc ./Drivers/STM32F4xx_HAL_Driver/Src/stm32f4xx_hal_rcc.o
                0x0000000008006b4c                HAL_RCC_ClockConfig
 .text.HAL_RCC_EnableCSS
                0x0000000008006d18       0x18 ./Drivers/STM32F4xx_HAL_Driver/Src/stm32f4xx_hal_rcc.o
                0x0000000008006d18                HAL_RCC_EnableCSS
 .text.HAL_RCC_GetSysClockFreq
                0x0000000008006d30      0x20c ./Drivers/STM32F4xx_HAL_Driver/Src/stm32f4xx_hal_rcc.o
                0x0000000008006d30                HAL_RCC_GetSysClockFreq
 .text.HAL_RCC_GetHCLKFreq
                0x0000000008006f3c       0x18 ./Drivers/STM32F4xx_HAL_Driver/Src/stm32f4xx_hal_rcc.o
                0x0000000008006f3c                HAL_RCC_GetHCLKFreq
 .text.HAL_RCC_GetPCLK1Freq
                0x0000000008006f54       0x28 ./Drivers/STM32F4xx_HAL_Driver/Src/stm32f4xx_hal_rcc.o
                0x0000000008006f54                HAL_RCC_GetPCLK1Freq
 .text.HAL_RCC_GetPCLK2Freq
                0x0000000008006f7c       0x28 ./Drivers/STM32F4xx_HAL_Driver/Src/stm32f4xx_hal_rcc.o
                0x0000000008006f7c                HAL_RCC_GetPCLK2Freq
 .text.HAL_RCC_NMI_IRQHandler
                0x0000000008006fa4       0x28 ./Drivers/STM32F4xx_HAL_Driver/Src/stm32f4xx_hal_rcc.o
                0x0000000008006fa4                HAL_RCC_NMI_IRQHandler
 .text.HAL_RCC_CSSCallback
                0x0000000008006fcc        0xe ./Drivers/STM32F4xx_HAL_Driver/Src/stm32f4xx_hal_rcc.o
                0x0000000008006fcc                HAL_RCC_CSSCallback
 .text.HAL_TIM_Base_Init
                0x0000000008006fda       0x9e ./Drivers/STM32F4xx_HAL_Driver/Src/stm32f4xx_hal_tim.o
                0x0000000008006fda                HAL_TIM_Base_Init
 .text.HAL_TIM_Base_Start_IT
                0x0000000008007078       0xe0 ./Drivers/STM32F4xx_HAL_Driver/Src/stm32f4xx_hal_tim.o
                0x0000000008007078                HAL_TIM_Base_Start_IT
 .text.HAL_TIM_PWM_Init
                0x0000000008007158       0x9e ./Drivers/STM32F4xx_HAL_Driver/Src/stm32f4xx_hal_tim.o
                0x0000000008007158                HAL_TIM_PWM_Init
 .text.HAL_TIM_PWM_MspInit
                0x00000000080071f6       0x14 ./Drivers/STM32F4xx_HAL_Driver/Src/stm32f4xx_hal_tim.o
                0x00000000080071f6                HAL_TIM_PWM_MspInit
 *fill*         0x000000000800720a        0x2 
 .text.HAL_TIM_PWM_Start
                0x000000000800720c      0x190 ./Drivers/STM32F4xx_HAL_Driver/Src/stm32f4xx_hal_tim.o
                0x000000000800720c                HAL_TIM_PWM_Start
 .text.HAL_TIM_Encoder_Init
                0x000000000800739c      0x14c ./Drivers/STM32F4xx_HAL_Driver/Src/stm32f4xx_hal_tim.o
                0x000000000800739c                HAL_TIM_Encoder_Init
 .text.HAL_TIM_Encoder_Start
                0x00000000080074e8      0x11c ./Drivers/STM32F4xx_HAL_Driver/Src/stm32f4xx_hal_tim.o
                0x00000000080074e8                HAL_TIM_Encoder_Start
 .text.HAL_TIM_IRQHandler
                0x0000000008007604      0x210 ./Drivers/STM32F4xx_HAL_Driver/Src/stm32f4xx_hal_tim.o
                0x0000000008007604                HAL_TIM_IRQHandler
 .text.HAL_TIM_PWM_ConfigChannel
                0x0000000008007814      0x184 ./Drivers/STM32F4xx_HAL_Driver/Src/stm32f4xx_hal_tim.o
                0x0000000008007814                HAL_TIM_PWM_ConfigChannel
 .text.HAL_TIM_ConfigClockSource
                0x0000000008007998      0x18e ./Drivers/STM32F4xx_HAL_Driver/Src/stm32f4xx_hal_tim.o
                0x0000000008007998                HAL_TIM_ConfigClockSource
 .text.HAL_TIM_OC_DelayElapsedCallback
                0x0000000008007b26       0x14 ./Drivers/STM32F4xx_HAL_Driver/Src/stm32f4xx_hal_tim.o
                0x0000000008007b26                HAL_TIM_OC_DelayElapsedCallback
 .text.HAL_TIM_IC_CaptureCallback
                0x0000000008007b3a       0x14 ./Drivers/STM32F4xx_HAL_Driver/Src/stm32f4xx_hal_tim.o
                0x0000000008007b3a                HAL_TIM_IC_CaptureCallback
 .text.HAL_TIM_PWM_PulseFinishedCallback
                0x0000000008007b4e       0x14 ./Drivers/STM32F4xx_HAL_Driver/Src/stm32f4xx_hal_tim.o
                0x0000000008007b4e                HAL_TIM_PWM_PulseFinishedCallback
 .text.HAL_TIM_TriggerCallback
                0x0000000008007b62       0x14 ./Drivers/STM32F4xx_HAL_Driver/Src/stm32f4xx_hal_tim.o
                0x0000000008007b62                HAL_TIM_TriggerCallback
 *fill*         0x0000000008007b76        0x2 
 .text.TIM_Base_SetConfig
                0x0000000008007b78      0x140 ./Drivers/STM32F4xx_HAL_Driver/Src/stm32f4xx_hal_tim.o
                0x0000000008007b78                TIM_Base_SetConfig
 .text.TIM_OC1_SetConfig
                0x0000000008007cb8       0xe0 ./Drivers/STM32F4xx_HAL_Driver/Src/stm32f4xx_hal_tim.o
 .text.TIM_OC2_SetConfig
                0x0000000008007d98       0xec ./Drivers/STM32F4xx_HAL_Driver/Src/stm32f4xx_hal_tim.o
                0x0000000008007d98                TIM_OC2_SetConfig
 .text.TIM_OC3_SetConfig
                0x0000000008007e84       0xe8 ./Drivers/STM32F4xx_HAL_Driver/Src/stm32f4xx_hal_tim.o
 .text.TIM_OC4_SetConfig
                0x0000000008007f6c       0xac ./Drivers/STM32F4xx_HAL_Driver/Src/stm32f4xx_hal_tim.o
 .text.TIM_TI1_ConfigInputStage
                0x0000000008008018       0x5e ./Drivers/STM32F4xx_HAL_Driver/Src/stm32f4xx_hal_tim.o
 .text.TIM_TI2_ConfigInputStage
                0x0000000008008076       0x60 ./Drivers/STM32F4xx_HAL_Driver/Src/stm32f4xx_hal_tim.o
 .text.TIM_ITRx_SetConfig
                0x00000000080080d6       0x36 ./Drivers/STM32F4xx_HAL_Driver/Src/stm32f4xx_hal_tim.o
 .text.TIM_ETR_SetConfig
                0x000000000800810c       0x40 ./Drivers/STM32F4xx_HAL_Driver/Src/stm32f4xx_hal_tim.o
                0x000000000800810c                TIM_ETR_SetConfig
 .text.TIM_CCxChannelCmd
                0x000000000800814c       0x4a ./Drivers/STM32F4xx_HAL_Driver/Src/stm32f4xx_hal_tim.o
                0x000000000800814c                TIM_CCxChannelCmd
 *fill*         0x0000000008008196        0x2 
 .text.HAL_TIMEx_MasterConfigSynchronization
                0x0000000008008198       0xf8 ./Drivers/STM32F4xx_HAL_Driver/Src/stm32f4xx_hal_tim_ex.o
                0x0000000008008198                HAL_TIMEx_MasterConfigSynchronization
 .text.HAL_TIMEx_CommutCallback
                0x0000000008008290       0x14 ./Drivers/STM32F4xx_HAL_Driver/Src/stm32f4xx_hal_tim_ex.o
                0x0000000008008290                HAL_TIMEx_CommutCallback
 .text.HAL_TIMEx_BreakCallback
                0x00000000080082a4       0x14 ./Drivers/STM32F4xx_HAL_Driver/Src/stm32f4xx_hal_tim_ex.o
                0x00000000080082a4                HAL_TIMEx_BreakCallback
 .text.HAL_UART_Init
                0x00000000080082b8       0x9a ./Drivers/STM32F4xx_HAL_Driver/Src/stm32f4xx_hal_uart.o
                0x00000000080082b8                HAL_UART_Init
 *fill*         0x0000000008008352        0x2 
 .text.HAL_UART_Transmit_DMA
                0x0000000008008354       0xfc ./Drivers/STM32F4xx_HAL_Driver/Src/stm32f4xx_hal_uart.o
                0x0000000008008354                HAL_UART_Transmit_DMA
 .text.HAL_UART_Receive_DMA
                0x0000000008008450       0x60 ./Drivers/STM32F4xx_HAL_Driver/Src/stm32f4xx_hal_uart.o
                0x0000000008008450                HAL_UART_Receive_DMA
 .text.HAL_UART_IRQHandler
                0x00000000080084b0      0x51c ./Drivers/STM32F4xx_HAL_Driver/Src/stm32f4xx_hal_uart.o
                0x00000000080084b0                HAL_UART_IRQHandler
 .text.HAL_UART_TxHalfCpltCallback
                0x00000000080089cc       0x14 ./Drivers/STM32F4xx_HAL_Driver/Src/stm32f4xx_hal_uart.o
                0x00000000080089cc                HAL_UART_TxHalfCpltCallback
 .text.HAL_UART_RxHalfCpltCallback
                0x00000000080089e0       0x14 ./Drivers/STM32F4xx_HAL_Driver/Src/stm32f4xx_hal_uart.o
                0x00000000080089e0                HAL_UART_RxHalfCpltCallback
 .text.HAL_UART_ErrorCallback
                0x00000000080089f4       0x14 ./Drivers/STM32F4xx_HAL_Driver/Src/stm32f4xx_hal_uart.o
                0x00000000080089f4                HAL_UART_ErrorCallback
 .text.HAL_UARTEx_RxEventCallback
                0x0000000008008a08       0x18 ./Drivers/STM32F4xx_HAL_Driver/Src/stm32f4xx_hal_uart.o
                0x0000000008008a08                HAL_UARTEx_RxEventCallback
 .text.UART_DMATransmitCplt
                0x0000000008008a20       0x9a ./Drivers/STM32F4xx_HAL_Driver/Src/stm32f4xx_hal_uart.o
 .text.UART_DMATxHalfCplt
                0x0000000008008aba       0x1c ./Drivers/STM32F4xx_HAL_Driver/Src/stm32f4xx_hal_uart.o
 .text.UART_DMAReceiveCplt
                0x0000000008008ad6      0x126 ./Drivers/STM32F4xx_HAL_Driver/Src/stm32f4xx_hal_uart.o
 .text.UART_DMARxHalfCplt
                0x0000000008008bfc       0x36 ./Drivers/STM32F4xx_HAL_Driver/Src/stm32f4xx_hal_uart.o
 .text.UART_DMAError
                0x0000000008008c32       0x94 ./Drivers/STM32F4xx_HAL_Driver/Src/stm32f4xx_hal_uart.o
 *fill*         0x0000000008008cc6        0x2 
 .text.UART_Start_Receive_DMA
                0x0000000008008cc8      0x13c ./Drivers/STM32F4xx_HAL_Driver/Src/stm32f4xx_hal_uart.o
                0x0000000008008cc8                UART_Start_Receive_DMA
 .text.UART_EndTxTransfer
                0x0000000008008e04       0x50 ./Drivers/STM32F4xx_HAL_Driver/Src/stm32f4xx_hal_uart.o
 .text.UART_EndRxTransfer
                0x0000000008008e54       0xc6 ./Drivers/STM32F4xx_HAL_Driver/Src/stm32f4xx_hal_uart.o
 .text.UART_DMAAbortOnError
                0x0000000008008f1a       0x28 ./Drivers/STM32F4xx_HAL_Driver/Src/stm32f4xx_hal_uart.o
 .text.UART_Transmit_IT
                0x0000000008008f42       0xa0 ./Drivers/STM32F4xx_HAL_Driver/Src/stm32f4xx_hal_uart.o
 .text.UART_EndTransmit_IT
                0x0000000008008fe2       0x30 ./Drivers/STM32F4xx_HAL_Driver/Src/stm32f4xx_hal_uart.o
 .text.UART_Receive_IT
                0x0000000008009012      0x176 ./Drivers/STM32F4xx_HAL_Driver/Src/stm32f4xx_hal_uart.o
 .text.UART_SetConfig
                0x0000000008009188      0x4e8 ./Drivers/STM32F4xx_HAL_Driver/Src/stm32f4xx_hal_uart.o
 .text.__cxa_pure_virtual
                0x0000000008009670        0x6 c:/st/stm32cubeide_1.10.1/stm32cubeide/plugins/com.st.stm32cube.ide.mcu.externaltools.gnu-tools-for-stm32.10.3-2021.10.win32_1.0.0.202111181127/tools/bin/../lib/gcc/arm-none-eabi/10.3.1/../../../../arm-none-eabi/lib/thumb/v7e-m+fp/hard\libstdc++_nano.a(pure.o)
                0x0000000008009670                __cxa_pure_virtual
 .text._ZN10__cxxabiv111__terminateEPFvvE
                0x0000000008009676        0x8 c:/st/stm32cubeide_1.10.1/stm32cubeide/plugins/com.st.stm32cube.ide.mcu.externaltools.gnu-tools-for-stm32.10.3-2021.10.win32_1.0.0.202111181127/tools/bin/../lib/gcc/arm-none-eabi/10.3.1/../../../../arm-none-eabi/lib/thumb/v7e-m+fp/hard\libstdc++_nano.a(eh_terminate.o)
                0x0000000008009676                __cxxabiv1::__terminate(void (*)())
 *fill*         0x000000000800967e        0x2 
 .text._ZSt13get_terminatev
                0x0000000008009680       0x10 c:/st/stm32cubeide_1.10.1/stm32cubeide/plugins/com.st.stm32cube.ide.mcu.externaltools.gnu-tools-for-stm32.10.3-2021.10.win32_1.0.0.202111181127/tools/bin/../lib/gcc/arm-none-eabi/10.3.1/../../../../arm-none-eabi/lib/thumb/v7e-m+fp/hard\libstdc++_nano.a(eh_terminate.o)
                0x0000000008009680                std::get_terminate()
 .text._ZSt9terminatev
                0x0000000008009690        0xa c:/st/stm32cubeide_1.10.1/stm32cubeide/plugins/com.st.stm32cube.ide.mcu.externaltools.gnu-tools-for-stm32.10.3-2021.10.win32_1.0.0.202111181127/tools/bin/../lib/gcc/arm-none-eabi/10.3.1/../../../../arm-none-eabi/lib/thumb/v7e-m+fp/hard\libstdc++_nano.a(eh_terminate.o)
                0x0000000008009690                std::terminate()
 *fill*         0x000000000800969a        0x6 
 .text.exp      0x00000000080096a0       0x90 c:/st/stm32cubeide_1.10.1/stm32cubeide/plugins/com.st.stm32cube.ide.mcu.externaltools.gnu-tools-for-stm32.10.3-2021.10.win32_1.0.0.202111181127/tools/bin/../lib/gcc/arm-none-eabi/10.3.1/../../../../arm-none-eabi/lib/thumb/v7e-m+fp/hard\libm.a(lib_a-w_exp.o)
                0x00000000080096a0                exp
 .text.__ieee754_exp
                0x0000000008009730      0x304 c:/st/stm32cubeide_1.10.1/stm32cubeide/plugins/com.st.stm32cube.ide.mcu.externaltools.gnu-tools-for-stm32.10.3-2021.10.win32_1.0.0.202111181127/tools/bin/../lib/gcc/arm-none-eabi/10.3.1/../../../../arm-none-eabi/lib/thumb/v7e-m+fp/hard\libm.a(lib_a-e_exp.o)
                0x0000000008009730                __ieee754_exp
 .text.with_errno
                0x0000000008009a34       0x14 c:/st/stm32cubeide_1.10.1/stm32cubeide/plugins/com.st.stm32cube.ide.mcu.externaltools.gnu-tools-for-stm32.10.3-2021.10.win32_1.0.0.202111181127/tools/bin/../lib/gcc/arm-none-eabi/10.3.1/../../../../arm-none-eabi/lib/thumb/v7e-m+fp/hard\libm.a(lib_a-math_err.o)
 .text.xflow    0x0000000008009a48       0x28 c:/st/stm32cubeide_1.10.1/stm32cubeide/plugins/com.st.stm32cube.ide.mcu.externaltools.gnu-tools-for-stm32.10.3-2021.10.win32_1.0.0.202111181127/tools/bin/../lib/gcc/arm-none-eabi/10.3.1/../../../../arm-none-eabi/lib/thumb/v7e-m+fp/hard\libm.a(lib_a-math_err.o)
 .text.__math_uflow
                0x0000000008009a70       0x12 c:/st/stm32cubeide_1.10.1/stm32cubeide/plugins/com.st.stm32cube.ide.mcu.externaltools.gnu-tools-for-stm32.10.3-2021.10.win32_1.0.0.202111181127/tools/bin/../lib/gcc/arm-none-eabi/10.3.1/../../../../arm-none-eabi/lib/thumb/v7e-m+fp/hard\libm.a(lib_a-math_err.o)
                0x0000000008009a70                __math_uflow
 .text.__math_oflow
                0x0000000008009a82       0x12 c:/st/stm32cubeide_1.10.1/stm32cubeide/plugins/com.st.stm32cube.ide.mcu.externaltools.gnu-tools-for-stm32.10.3-2021.10.win32_1.0.0.202111181127/tools/bin/../lib/gcc/arm-none-eabi/10.3.1/../../../../arm-none-eabi/lib/thumb/v7e-m+fp/hard\libm.a(lib_a-math_err.o)
                0x0000000008009a82                __math_oflow
 .text.finite   0x0000000008009a94       0x16 c:/st/stm32cubeide_1.10.1/stm32cubeide/plugins/com.st.stm32cube.ide.mcu.externaltools.gnu-tools-for-stm32.10.3-2021.10.win32_1.0.0.202111181127/tools/bin/../lib/gcc/arm-none-eabi/10.3.1/../../../../arm-none-eabi/lib/thumb/v7e-m+fp/hard\libm.a(lib_a-s_finite.o)
                0x0000000008009a94                finite
 .text.abort    0x0000000008009aaa        0xe c:/st/stm32cubeide_1.10.1/stm32cubeide/plugins/com.st.stm32cube.ide.mcu.externaltools.gnu-tools-for-stm32.10.3-2021.10.win32_1.0.0.202111181127/tools/bin/../lib/gcc/arm-none-eabi/10.3.1/../../../../arm-none-eabi/lib/thumb/v7e-m+fp/hard\libc_nano.a(lib_a-abort.o)
                0x0000000008009aaa                abort
 .text.__errno  0x0000000008009ab8        0xc c:/st/stm32cubeide_1.10.1/stm32cubeide/plugins/com.st.stm32cube.ide.mcu.externaltools.gnu-tools-for-stm32.10.3-2021.10.win32_1.0.0.202111181127/tools/bin/../lib/gcc/arm-none-eabi/10.3.1/../../../../arm-none-eabi/lib/thumb/v7e-m+fp/hard\libc_nano.a(lib_a-errno.o)
                0x0000000008009ab8                __errno
 .text.__libc_init_array
                0x0000000008009ac4       0x48 c:/st/stm32cubeide_1.10.1/stm32cubeide/plugins/com.st.stm32cube.ide.mcu.externaltools.gnu-tools-for-stm32.10.3-2021.10.win32_1.0.0.202111181127/tools/bin/../lib/gcc/arm-none-eabi/10.3.1/../../../../arm-none-eabi/lib/thumb/v7e-m+fp/hard\libc_nano.a(lib_a-init.o)
                0x0000000008009ac4                __libc_init_array
 .text.memcpy   0x0000000008009b0c       0x1c c:/st/stm32cubeide_1.10.1/stm32cubeide/plugins/com.st.stm32cube.ide.mcu.externaltools.gnu-tools-for-stm32.10.3-2021.10.win32_1.0.0.202111181127/tools/bin/../lib/gcc/arm-none-eabi/10.3.1/../../../../arm-none-eabi/lib/thumb/v7e-m+fp/hard\libc_nano.a(lib_a-memcpy-stub.o)
                0x0000000008009b0c                memcpy
 .text.memset   0x0000000008009b28       0x10 c:/st/stm32cubeide_1.10.1/stm32cubeide/plugins/com.st.stm32cube.ide.mcu.externaltools.gnu-tools-for-stm32.10.3-2021.10.win32_1.0.0.202111181127/tools/bin/../lib/gcc/arm-none-eabi/10.3.1/../../../../arm-none-eabi/lib/thumb/v7e-m+fp/hard\libc_nano.a(lib_a-memset.o)
                0x0000000008009b28                memset
 .text.realloc  0x0000000008009b38       0x10 c:/st/stm32cubeide_1.10.1/stm32cubeide/plugins/com.st.stm32cube.ide.mcu.externaltools.gnu-tools-for-stm32.10.3-2021.10.win32_1.0.0.202111181127/tools/bin/../lib/gcc/arm-none-eabi/10.3.1/../../../../arm-none-eabi/lib/thumb/v7e-m+fp/hard\libc_nano.a(lib_a-realloc.o)
                0x0000000008009b38                realloc
 .text._raise_r
                0x0000000008009b48       0x50 c:/st/stm32cubeide_1.10.1/stm32cubeide/plugins/com.st.stm32cube.ide.mcu.externaltools.gnu-tools-for-stm32.10.3-2021.10.win32_1.0.0.202111181127/tools/bin/../lib/gcc/arm-none-eabi/10.3.1/../../../../arm-none-eabi/lib/thumb/v7e-m+fp/hard\libc_nano.a(lib_a-signal.o)
                0x0000000008009b48                _raise_r
 .text.raise    0x0000000008009b98       0x10 c:/st/stm32cubeide_1.10.1/stm32cubeide/plugins/com.st.stm32cube.ide.mcu.externaltools.gnu-tools-for-stm32.10.3-2021.10.win32_1.0.0.202111181127/tools/bin/../lib/gcc/arm-none-eabi/10.3.1/../../../../arm-none-eabi/lib/thumb/v7e-m+fp/hard\libc_nano.a(lib_a-signal.o)
                0x0000000008009b98                raise
 .text._kill_r  0x0000000008009ba8       0x24 c:/st/stm32cubeide_1.10.1/stm32cubeide/plugins/com.st.stm32cube.ide.mcu.externaltools.gnu-tools-for-stm32.10.3-2021.10.win32_1.0.0.202111181127/tools/bin/../lib/gcc/arm-none-eabi/10.3.1/../../../../arm-none-eabi/lib/thumb/v7e-m+fp/hard\libc_nano.a(lib_a-signalr.o)
                0x0000000008009ba8                _kill_r
 .text._getpid_r
                0x0000000008009bcc        0x4 c:/st/stm32cubeide_1.10.1/stm32cubeide/plugins/com.st.stm32cube.ide.mcu.externaltools.gnu-tools-for-stm32.10.3-2021.10.win32_1.0.0.202111181127/tools/bin/../lib/gcc/arm-none-eabi/10.3.1/../../../../arm-none-eabi/lib/thumb/v7e-m+fp/hard\libc_nano.a(lib_a-signalr.o)
                0x0000000008009bcc                _getpid_r
 .text.sbrk_aligned
                0x0000000008009bd0       0x40 c:/st/stm32cubeide_1.10.1/stm32cubeide/plugins/com.st.stm32cube.ide.mcu.externaltools.gnu-tools-for-stm32.10.3-2021.10.win32_1.0.0.202111181127/tools/bin/../lib/gcc/arm-none-eabi/10.3.1/../../../../arm-none-eabi/lib/thumb/v7e-m+fp/hard\libc_nano.a(lib_a-nano-mallocr.o)
 .text._malloc_r
                0x0000000008009c10       0xe8 c:/st/stm32cubeide_1.10.1/stm32cubeide/plugins/com.st.stm32cube.ide.mcu.externaltools.gnu-tools-for-stm32.10.3-2021.10.win32_1.0.0.202111181127/tools/bin/../lib/gcc/arm-none-eabi/10.3.1/../../../../arm-none-eabi/lib/thumb/v7e-m+fp/hard\libc_nano.a(lib_a-nano-mallocr.o)
                0x0000000008009c10                _malloc_r
 .text._realloc_r
                0x0000000008009cf8       0x5e c:/st/stm32cubeide_1.10.1/stm32cubeide/plugins/com.st.stm32cube.ide.mcu.externaltools.gnu-tools-for-stm32.10.3-2021.10.win32_1.0.0.202111181127/tools/bin/../lib/gcc/arm-none-eabi/10.3.1/../../../../arm-none-eabi/lib/thumb/v7e-m+fp/hard\libc_nano.a(lib_a-nano-reallocr.o)
                0x0000000008009cf8                _realloc_r
 *fill*         0x0000000008009d56        0x2 
 .text._sbrk_r  0x0000000008009d58       0x20 c:/st/stm32cubeide_1.10.1/stm32cubeide/plugins/com.st.stm32cube.ide.mcu.externaltools.gnu-tools-for-stm32.10.3-2021.10.win32_1.0.0.202111181127/tools/bin/../lib/gcc/arm-none-eabi/10.3.1/../../../../arm-none-eabi/lib/thumb/v7e-m+fp/hard\libc_nano.a(lib_a-sbrkr.o)
                0x0000000008009d58                _sbrk_r
 .text.__malloc_lock
                0x0000000008009d78        0xc c:/st/stm32cubeide_1.10.1/stm32cubeide/plugins/com.st.stm32cube.ide.mcu.externaltools.gnu-tools-for-stm32.10.3-2021.10.win32_1.0.0.202111181127/tools/bin/../lib/gcc/arm-none-eabi/10.3.1/../../../../arm-none-eabi/lib/thumb/v7e-m+fp/hard\libc_nano.a(lib_a-mlock.o)
                0x0000000008009d78                __malloc_lock
 .text.__malloc_unlock
                0x0000000008009d84        0xc c:/st/stm32cubeide_1.10.1/stm32cubeide/plugins/com.st.stm32cube.ide.mcu.externaltools.gnu-tools-for-stm32.10.3-2021.10.win32_1.0.0.202111181127/tools/bin/../lib/gcc/arm-none-eabi/10.3.1/../../../../arm-none-eabi/lib/thumb/v7e-m+fp/hard\libc_nano.a(lib_a-mlock.o)
                0x0000000008009d84                __malloc_unlock
 .text._free_r  0x0000000008009d90       0x98 c:/st/stm32cubeide_1.10.1/stm32cubeide/plugins/com.st.stm32cube.ide.mcu.externaltools.gnu-tools-for-stm32.10.3-2021.10.win32_1.0.0.202111181127/tools/bin/../lib/gcc/arm-none-eabi/10.3.1/../../../../arm-none-eabi/lib/thumb/v7e-m+fp/hard\libc_nano.a(lib_a-nano-freer.o)
                0x0000000008009d90                _free_r
 .text._malloc_usable_size_r
                0x0000000008009e28       0x10 c:/st/stm32cubeide_1.10.1/stm32cubeide/plugins/com.st.stm32cube.ide.mcu.externaltools.gnu-tools-for-stm32.10.3-2021.10.win32_1.0.0.202111181127/tools/bin/../lib/gcc/arm-none-eabi/10.3.1/../../../../arm-none-eabi/lib/thumb/v7e-m+fp/hard\libc_nano.a(lib_a-nano-msizer.o)
                0x0000000008009e28                _malloc_usable_size_r
 .text.__retarget_lock_acquire_recursive
                0x0000000008009e38        0x2 c:/st/stm32cubeide_1.10.1/stm32cubeide/plugins/com.st.stm32cube.ide.mcu.externaltools.gnu-tools-for-stm32.10.3-2021.10.win32_1.0.0.202111181127/tools/bin/../lib/gcc/arm-none-eabi/10.3.1/../../../../arm-none-eabi/lib/thumb/v7e-m+fp/hard\libc_nano.a(lib_a-lock.o)
                0x0000000008009e38                __retarget_lock_acquire_recursive
 .text.__retarget_lock_release_recursive
                0x0000000008009e3a        0x2 c:/st/stm32cubeide_1.10.1/stm32cubeide/plugins/com.st.stm32cube.ide.mcu.externaltools.gnu-tools-for-stm32.10.3-2021.10.win32_1.0.0.202111181127/tools/bin/../lib/gcc/arm-none-eabi/10.3.1/../../../../arm-none-eabi/lib/thumb/v7e-m+fp/hard\libc_nano.a(lib_a-lock.o)
                0x0000000008009e3a                __retarget_lock_release_recursive
 *(.glue_7)
 .glue_7        0x0000000008009e3c        0x0 linker stubs
 *(.glue_7t)
 .glue_7t       0x0000000008009e3c        0x0 linker stubs
 *(.eh_frame)
 .eh_frame      0x0000000008009e3c        0x0 c:/st/stm32cubeide_1.10.1/stm32cubeide/plugins/com.st.stm32cube.ide.mcu.externaltools.gnu-tools-for-stm32.10.3-2021.10.win32_1.0.0.202111181127/tools/bin/../lib/gcc/arm-none-eabi/10.3.1/thumb/v7e-m+fp/hard/crtbegin.o
 *(.init)
 .init          0x0000000008009e3c        0x4 c:/st/stm32cubeide_1.10.1/stm32cubeide/plugins/com.st.stm32cube.ide.mcu.externaltools.gnu-tools-for-stm32.10.3-2021.10.win32_1.0.0.202111181127/tools/bin/../lib/gcc/arm-none-eabi/10.3.1/thumb/v7e-m+fp/hard/crti.o
                0x0000000008009e3c                _init
 .init          0x0000000008009e40        0x8 c:/st/stm32cubeide_1.10.1/stm32cubeide/plugins/com.st.stm32cube.ide.mcu.externaltools.gnu-tools-for-stm32.10.3-2021.10.win32_1.0.0.202111181127/tools/bin/../lib/gcc/arm-none-eabi/10.3.1/thumb/v7e-m+fp/hard/crtn.o
 *(.fini)
 .fini          0x0000000008009e48        0x4 c:/st/stm32cubeide_1.10.1/stm32cubeide/plugins/com.st.stm32cube.ide.mcu.externaltools.gnu-tools-for-stm32.10.3-2021.10.win32_1.0.0.202111181127/tools/bin/../lib/gcc/arm-none-eabi/10.3.1/thumb/v7e-m+fp/hard/crti.o
                0x0000000008009e48                _fini
 .fini          0x0000000008009e4c        0x8 c:/st/stm32cubeide_1.10.1/stm32cubeide/plugins/com.st.stm32cube.ide.mcu.externaltools.gnu-tools-for-stm32.10.3-2021.10.win32_1.0.0.202111181127/tools/bin/../lib/gcc/arm-none-eabi/10.3.1/thumb/v7e-m+fp/hard/crtn.o
                0x0000000008009e54                . = ALIGN (0x4)
                0x0000000008009e54                _etext = .

.vfp11_veneer   0x0000000008009e54        0x0
 .vfp11_veneer  0x0000000008009e54        0x0 linker stubs

.v4_bx          0x0000000008009e54        0x0
 .v4_bx         0x0000000008009e54        0x0 linker stubs

.iplt           0x0000000008009e54        0x0
 .iplt          0x0000000008009e54        0x0 c:/st/stm32cubeide_1.10.1/stm32cubeide/plugins/com.st.stm32cube.ide.mcu.externaltools.gnu-tools-for-stm32.10.3-2021.10.win32_1.0.0.202111181127/tools/bin/../lib/gcc/arm-none-eabi/10.3.1/thumb/v7e-m+fp/hard/crtbegin.o

.rodata         0x0000000008009e58      0x308
                0x0000000008009e58                . = ALIGN (0x4)
 *(.rodata)
 .rodata        0x0000000008009e58      0x199 ./Core/Src/rosserial.o
 *(.rodata*)
 *fill*         0x0000000008009ff1        0x3 
 .rodata._ZN14rosserial_msgsL12REQUESTPARAME
                0x0000000008009ff4       0x1c ./Core/Src/rosserial.o
 .rodata._ZTVN3ros10SubscriberIN13geometry_msgs5TwistEvEE
                0x000000000800a010       0x18 ./Core/Src/rosserial.o
                0x000000000800a010                vtable for ros::Subscriber<geometry_msgs::Twist, void>
 .rodata._ZTVN3ros11NodeHandle_I13STM32HardwareLi25ELi25ELi512ELi512EEE
                0x000000000800a028       0x14 ./Core/Src/rosserial.o
                0x000000000800a028                vtable for ros::NodeHandle_<STM32Hardware, 25, 25, 512, 512>
 .rodata._ZTVN3ros11Subscriber_E
                0x000000000800a03c       0x18 ./Core/Src/rosserial.o
                0x000000000800a03c                vtable for ros::Subscriber_
 .rodata._ZTVN3ros15NodeHandleBase_E
                0x000000000800a054       0x14 ./Core/Src/rosserial.o
                0x000000000800a054                vtable for ros::NodeHandleBase_
 .rodata._ZTVN8std_msgs4TimeE
                0x000000000800a068       0x18 ./Core/Src/rosserial.o
                0x000000000800a068                vtable for std_msgs::Time
 .rodata._ZTVN14rosserial_msgs9TopicInfoE
                0x000000000800a080       0x18 ./Core/Src/rosserial.o
                0x000000000800a080                vtable for rosserial_msgs::TopicInfo
 .rodata._ZTVN14rosserial_msgs20RequestParamResponseE
                0x000000000800a098       0x18 ./Core/Src/rosserial.o
                0x000000000800a098                vtable for rosserial_msgs::RequestParamResponse
 .rodata._ZTVN14rosserial_msgs3LogE
                0x000000000800a0b0       0x18 ./Core/Src/rosserial.o
                0x000000000800a0b0                vtable for rosserial_msgs::Log
 .rodata._ZTVN13geometry_msgs5TwistE
                0x000000000800a0c8       0x18 ./Core/Src/rosserial.o
                0x000000000800a0c8                vtable for geometry_msgs::Twist
 .rodata._ZTVN13geometry_msgs7Vector3E
                0x000000000800a0e0       0x18 ./Core/Src/rosserial.o
                0x000000000800a0e0                vtable for geometry_msgs::Vector3
 .rodata._ZTVN3ros3MsgE
                0x000000000800a0f8       0x18 ./Core/Src/rosserial.o
                0x000000000800a0f8                vtable for ros::Msg
 .rodata.AHBPrescTable
                0x000000000800a110       0x10 ./Core/Src/system_stm32f4xx.o
                0x000000000800a110                AHBPrescTable
 .rodata.APBPrescTable
                0x000000000800a120        0x8 ./Core/Src/system_stm32f4xx.o
                0x000000000800a120                APBPrescTable
 .rodata.flagBitshiftOffset.0
                0x000000000800a128        0x8 ./Drivers/STM32F4xx_HAL_Driver/Src/stm32f4xx_hal_dma.o
 .rodata.halF   0x000000000800a130       0x10 c:/st/stm32cubeide_1.10.1/stm32cubeide/plugins/com.st.stm32cube.ide.mcu.externaltools.gnu-tools-for-stm32.10.3-2021.10.win32_1.0.0.202111181127/tools/bin/../lib/gcc/arm-none-eabi/10.3.1/../../../../arm-none-eabi/lib/thumb/v7e-m+fp/hard\libm.a(lib_a-e_exp.o)
 .rodata.ln2HI  0x000000000800a140       0x10 c:/st/stm32cubeide_1.10.1/stm32cubeide/plugins/com.st.stm32cube.ide.mcu.externaltools.gnu-tools-for-stm32.10.3-2021.10.win32_1.0.0.202111181127/tools/bin/../lib/gcc/arm-none-eabi/10.3.1/../../../../arm-none-eabi/lib/thumb/v7e-m+fp/hard\libm.a(lib_a-e_exp.o)
 .rodata.ln2LO  0x000000000800a150       0x10 c:/st/stm32cubeide_1.10.1/stm32cubeide/plugins/com.st.stm32cube.ide.mcu.externaltools.gnu-tools-for-stm32.10.3-2021.10.win32_1.0.0.202111181127/tools/bin/../lib/gcc/arm-none-eabi/10.3.1/../../../../arm-none-eabi/lib/thumb/v7e-m+fp/hard\libm.a(lib_a-e_exp.o)
                0x000000000800a160                . = ALIGN (0x4)

.ARM.extab      0x000000000800a160        0x0
                0x000000000800a160                . = ALIGN (0x4)
 *(.ARM.extab* .gnu.linkonce.armextab.*)
                0x000000000800a160                . = ALIGN (0x4)

.ARM            0x000000000800a160        0x8
                0x000000000800a160                . = ALIGN (0x4)
                0x000000000800a160                __exidx_start = .
 *(.ARM.exidx*)
 .ARM.exidx     0x000000000800a160        0x8 c:/st/stm32cubeide_1.10.1/stm32cubeide/plugins/com.st.stm32cube.ide.mcu.externaltools.gnu-tools-for-stm32.10.3-2021.10.win32_1.0.0.202111181127/tools/bin/../lib/gcc/arm-none-eabi/10.3.1/thumb/v7e-m+fp/hard\libgcc.a(_udivmoddi4.o)
                0x000000000800a168                __exidx_end = .
                0x000000000800a168                . = ALIGN (0x4)

.rel.dyn        0x000000000800a168        0x0
 .rel.iplt      0x000000000800a168        0x0 c:/st/stm32cubeide_1.10.1/stm32cubeide/plugins/com.st.stm32cube.ide.mcu.externaltools.gnu-tools-for-stm32.10.3-2021.10.win32_1.0.0.202111181127/tools/bin/../lib/gcc/arm-none-eabi/10.3.1/thumb/v7e-m+fp/hard/crtbegin.o

.preinit_array  0x000000000800a168        0x0
                0x000000000800a168                . = ALIGN (0x4)
                0x000000000800a168                PROVIDE (__preinit_array_start = .)
 *(.preinit_array*)
                0x000000000800a168                PROVIDE (__preinit_array_end = .)
                0x000000000800a168                . = ALIGN (0x4)

.init_array     0x000000000800a168        0xc
                0x000000000800a168                . = ALIGN (0x4)
                0x000000000800a168                PROVIDE (__init_array_start = .)
 *(SORT_BY_NAME(.init_array.*))
 *(.init_array*)
 .init_array    0x000000000800a168        0x4 c:/st/stm32cubeide_1.10.1/stm32cubeide/plugins/com.st.stm32cube.ide.mcu.externaltools.gnu-tools-for-stm32.10.3-2021.10.win32_1.0.0.202111181127/tools/bin/../lib/gcc/arm-none-eabi/10.3.1/thumb/v7e-m+fp/hard/crtbegin.o
 .init_array    0x000000000800a16c        0x4 ./Core/Src/main.o
 .init_array    0x000000000800a170        0x4 ./Core/Src/rosserial.o
                0x000000000800a174                PROVIDE (__init_array_end = .)
                0x000000000800a174                . = ALIGN (0x4)

.fini_array     0x000000000800a174        0x4
                0x000000000800a174                . = ALIGN (0x4)
                [!provide]                        PROVIDE (__fini_array_start = .)
 *(SORT_BY_NAME(.fini_array.*))
 *(.fini_array*)
 .fini_array    0x000000000800a174        0x4 c:/st/stm32cubeide_1.10.1/stm32cubeide/plugins/com.st.stm32cube.ide.mcu.externaltools.gnu-tools-for-stm32.10.3-2021.10.win32_1.0.0.202111181127/tools/bin/../lib/gcc/arm-none-eabi/10.3.1/thumb/v7e-m+fp/hard/crtbegin.o
                [!provide]                        PROVIDE (__fini_array_end = .)
                0x000000000800a178                . = ALIGN (0x4)
                0x000000000800a178                _sidata = LOADADDR (.data)

.data           0x0000000020000000       0x74 load address 0x000000000800a178
                0x0000000020000000                . = ALIGN (0x4)
                0x0000000020000000                _sdata = .
 *(.data)
 *(.data*)
 .data.SystemCoreClock
                0x0000000020000000        0x4 ./Core/Src/system_stm32f4xx.o
                0x0000000020000000                SystemCoreClock
 .data.uwTickPrio
                0x0000000020000004        0x4 ./Drivers/STM32F4xx_HAL_Driver/Src/stm32f4xx_hal.o
                0x0000000020000004                uwTickPrio
 .data.uwTickFreq
                0x0000000020000008        0x1 ./Drivers/STM32F4xx_HAL_Driver/Src/stm32f4xx_hal.o
                0x0000000020000008                uwTickFreq
 *fill*         0x0000000020000009        0x3 
 .data._ZN10__cxxabiv119__terminate_handlerE
                0x000000002000000c        0x4 c:/st/stm32cubeide_1.10.1/stm32cubeide/plugins/com.st.stm32cube.ide.mcu.externaltools.gnu-tools-for-stm32.10.3-2021.10.win32_1.0.0.202111181127/tools/bin/../lib/gcc/arm-none-eabi/10.3.1/../../../../arm-none-eabi/lib/thumb/v7e-m+fp/hard\libstdc++_nano.a(eh_term_handler.o)
                0x000000002000000c                __cxxabiv1::__terminate_handler
 .data._impure_ptr
                0x0000000020000010        0x4 c:/st/stm32cubeide_1.10.1/stm32cubeide/plugins/com.st.stm32cube.ide.mcu.externaltools.gnu-tools-for-stm32.10.3-2021.10.win32_1.0.0.202111181127/tools/bin/../lib/gcc/arm-none-eabi/10.3.1/../../../../arm-none-eabi/lib/thumb/v7e-m+fp/hard\libc_nano.a(lib_a-impure.o)
                0x0000000020000010                _impure_ptr
 .data.impure_data
                0x0000000020000014       0x60 c:/st/stm32cubeide_1.10.1/stm32cubeide/plugins/com.st.stm32cube.ide.mcu.externaltools.gnu-tools-for-stm32.10.3-2021.10.win32_1.0.0.202111181127/tools/bin/../lib/gcc/arm-none-eabi/10.3.1/../../../../arm-none-eabi/lib/thumb/v7e-m+fp/hard\libc_nano.a(lib_a-impure.o)
 *(.RamFunc)
 *(.RamFunc*)
                0x0000000020000074                . = ALIGN (0x4)
                0x0000000020000074                _edata = .
                0x000000000800a1ec                _siccmram = LOADADDR (.ccmram)

.igot.plt       0x0000000020000074        0x0 load address 0x000000000800a1ec
 .igot.plt      0x0000000020000074        0x0 c:/st/stm32cubeide_1.10.1/stm32cubeide/plugins/com.st.stm32cube.ide.mcu.externaltools.gnu-tools-for-stm32.10.3-2021.10.win32_1.0.0.202111181127/tools/bin/../lib/gcc/arm-none-eabi/10.3.1/thumb/v7e-m+fp/hard/crtbegin.o

.ccmram         0x0000000010000000        0x0 load address 0x000000000800a1ec
                0x0000000010000000                . = ALIGN (0x4)
                0x0000000010000000                _sccmram = .
 *(.ccmram)
 *(.ccmram*)
                0x0000000010000000                . = ALIGN (0x4)
                0x0000000010000000                _eccmram = .
                0x0000000010000000                . = ALIGN (0x4)

.bss            0x0000000020000078     0x1df4
                0x0000000020000078                _sbss = .
                0x0000000020000078                __bss_start__ = _sbss
 *(.bss)
 .bss           0x0000000020000078       0x1c c:/st/stm32cubeide_1.10.1/stm32cubeide/plugins/com.st.stm32cube.ide.mcu.externaltools.gnu-tools-for-stm32.10.3-2021.10.win32_1.0.0.202111181127/tools/bin/../lib/gcc/arm-none-eabi/10.3.1/thumb/v7e-m+fp/hard/crtbegin.o
 *(.bss*)
 *fill*         0x0000000020000094        0x4 
 .bss.robot     0x0000000020000098      0xfd8 ./Core/Src/main.o
                0x0000000020000098                robot
 .bss.received_vel
                0x0000000020001070       0x18 ./Core/Src/main.o
                0x0000000020001070                received_vel
 .bss.odom_vel  0x0000000020001088       0x18 ./Core/Src/main.o
                0x0000000020001088                odom_vel
 .bss.target_wheel_w
                0x00000000200010a0       0x20 ./Core/Src/main.o
                0x00000000200010a0                target_wheel_w
 .bss.CNT_diff  0x00000000200010c0       0x10 ./Core/Src/main.o
                0x00000000200010c0                CNT_diff
 .bss.OMEGA     0x00000000200010d0       0x20 ./Core/Src/main.o
                0x00000000200010d0                OMEGA
 .bss.duty      0x00000000200010f0       0x20 ./Core/Src/main.o
                0x00000000200010f0                duty
 .bss._ZZN13STM32Hardware5flushEvE5mutex
                0x0000000020001110        0x1 ./Core/Src/rosserial.o
                0x0000000020001110                STM32Hardware::flush()::mutex
 *fill*         0x0000000020001111        0x7 
 .bss.real_speed
                0x0000000020001118       0x48 ./Core/Src/rosserial.o
                0x0000000020001118                real_speed
 .bss.nh        0x0000000020001160      0x93c ./Core/Src/rosserial.o
                0x0000000020001160                nh
 .bss.pub       0x0000000020001a9c       0x14 ./Core/Src/rosserial.o
                0x0000000020001a9c                pub
 .bss.vel_sub   0x0000000020001ab0       0x60 ./Core/Src/rosserial.o
                0x0000000020001ab0                vel_sub
 .bss.__sbrk_heap_end
                0x0000000020001b10        0x4 ./Core/Src/sysmem.o
 .bss.htim2     0x0000000020001b14       0x48 ./Core/Src/tim.o
                0x0000000020001b14                htim2
 .bss.htim3     0x0000000020001b5c       0x48 ./Core/Src/tim.o
                0x0000000020001b5c                htim3
 .bss.htim4     0x0000000020001ba4       0x48 ./Core/Src/tim.o
                0x0000000020001ba4                htim4
 .bss.htim5     0x0000000020001bec       0x48 ./Core/Src/tim.o
                0x0000000020001bec                htim5
 .bss.htim6     0x0000000020001c34       0x48 ./Core/Src/tim.o
                0x0000000020001c34                htim6
 .bss.htim7     0x0000000020001c7c       0x48 ./Core/Src/tim.o
                0x0000000020001c7c                htim7
 .bss.htim9     0x0000000020001cc4       0x48 ./Core/Src/tim.o
                0x0000000020001cc4                htim9
 .bss.htim12    0x0000000020001d0c       0x48 ./Core/Src/tim.o
                0x0000000020001d0c                htim12
 .bss.huart3    0x0000000020001d54       0x44 ./Core/Src/usart.o
                0x0000000020001d54                huart3
 .bss.hdma_usart3_rx
                0x0000000020001d98       0x60 ./Core/Src/usart.o
                0x0000000020001d98                hdma_usart3_rx
 .bss.hdma_usart3_tx
                0x0000000020001df8       0x60 ./Core/Src/usart.o
                0x0000000020001df8                hdma_usart3_tx
 .bss.uwTick    0x0000000020001e58        0x4 ./Drivers/STM32F4xx_HAL_Driver/Src/stm32f4xx_hal.o
                0x0000000020001e58                uwTick
 .bss.__malloc_free_list
                0x0000000020001e5c        0x4 c:/st/stm32cubeide_1.10.1/stm32cubeide/plugins/com.st.stm32cube.ide.mcu.externaltools.gnu-tools-for-stm32.10.3-2021.10.win32_1.0.0.202111181127/tools/bin/../lib/gcc/arm-none-eabi/10.3.1/../../../../arm-none-eabi/lib/thumb/v7e-m+fp/hard\libc_nano.a(lib_a-nano-mallocr.o)
                0x0000000020001e5c                __malloc_free_list
 .bss.__malloc_sbrk_start
                0x0000000020001e60        0x4 c:/st/stm32cubeide_1.10.1/stm32cubeide/plugins/com.st.stm32cube.ide.mcu.externaltools.gnu-tools-for-stm32.10.3-2021.10.win32_1.0.0.202111181127/tools/bin/../lib/gcc/arm-none-eabi/10.3.1/../../../../arm-none-eabi/lib/thumb/v7e-m+fp/hard\libc_nano.a(lib_a-nano-mallocr.o)
                0x0000000020001e60                __malloc_sbrk_start
 .bss.errno     0x0000000020001e64        0x4 c:/st/stm32cubeide_1.10.1/stm32cubeide/plugins/com.st.stm32cube.ide.mcu.externaltools.gnu-tools-for-stm32.10.3-2021.10.win32_1.0.0.202111181127/tools/bin/../lib/gcc/arm-none-eabi/10.3.1/../../../../arm-none-eabi/lib/thumb/v7e-m+fp/hard\libc_nano.a(lib_a-reent.o)
                0x0000000020001e64                errno
 .bss.__lock___malloc_recursive_mutex
                0x0000000020001e68        0x1 c:/st/stm32cubeide_1.10.1/stm32cubeide/plugins/com.st.stm32cube.ide.mcu.externaltools.gnu-tools-for-stm32.10.3-2021.10.win32_1.0.0.202111181127/tools/bin/../lib/gcc/arm-none-eabi/10.3.1/../../../../arm-none-eabi/lib/thumb/v7e-m+fp/hard\libc_nano.a(lib_a-lock.o)
                0x0000000020001e68                __lock___malloc_recursive_mutex
 *(COMMON)
                0x0000000020001e6c                . = ALIGN (0x4)
 *fill*         0x0000000020001e69        0x3 
                0x0000000020001e6c                _ebss = .
                0x0000000020001e6c                __bss_end__ = _ebss

._user_heap_stack
                0x0000000020001e6c      0x604
                0x0000000020001e70                . = ALIGN (0x8)
 *fill*         0x0000000020001e6c        0x4 
                [!provide]                        PROVIDE (end = .)
                0x0000000020001e70                PROVIDE (_end = .)
                0x0000000020002070                . = (. + _Min_Heap_Size)
 *fill*         0x0000000020001e70      0x200 
                0x0000000020002470                . = (. + _Min_Stack_Size)
 *fill*         0x0000000020002070      0x400 
                0x0000000020002470                . = ALIGN (0x8)

/DISCARD/
 libc.a(*)
 libm.a(*)
 libgcc.a(*)

.ARM.attributes
                0x0000000000000000       0x30
 *(.ARM.attributes)
 .ARM.attributes
                0x0000000000000000       0x1e c:/st/stm32cubeide_1.10.1/stm32cubeide/plugins/com.st.stm32cube.ide.mcu.externaltools.gnu-tools-for-stm32.10.3-2021.10.win32_1.0.0.202111181127/tools/bin/../lib/gcc/arm-none-eabi/10.3.1/thumb/v7e-m+fp/hard/crti.o
 .ARM.attributes
                0x000000000000001e       0x34 c:/st/stm32cubeide_1.10.1/stm32cubeide/plugins/com.st.stm32cube.ide.mcu.externaltools.gnu-tools-for-stm32.10.3-2021.10.win32_1.0.0.202111181127/tools/bin/../lib/gcc/arm-none-eabi/10.3.1/thumb/v7e-m+fp/hard/crtbegin.o
 .ARM.attributes
                0x0000000000000052       0x34 ./Core/Inc/Rosserial_STM32_Inc/time.o
 .ARM.attributes
                0x0000000000000086       0x34 ./Core/Src/LowPassFilter.o
 .ARM.attributes
                0x00000000000000ba       0x34 ./Core/Src/dma.o
 .ARM.attributes
                0x00000000000000ee       0x34 ./Core/Src/encoder.o
 .ARM.attributes
                0x0000000000000122       0x34 ./Core/Src/gpio.o
 .ARM.attributes
                0x0000000000000156       0x34 ./Core/Src/kinematic.o
 .ARM.attributes
                0x000000000000018a       0x34 ./Core/Src/main.o
 .ARM.attributes
                0x00000000000001be       0x34 ./Core/Src/pid.o
 .ARM.attributes
                0x00000000000001f2       0x34 ./Core/Src/robot.o
 .ARM.attributes
                0x0000000000000226       0x34 ./Core/Src/rosserial.o
 .ARM.attributes
                0x000000000000025a       0x34 ./Core/Src/stm32f4xx_hal_msp.o
 .ARM.attributes
                0x000000000000028e       0x34 ./Core/Src/stm32f4xx_it.o
 .ARM.attributes
                0x00000000000002c2       0x34 ./Core/Src/syscalls.o
 .ARM.attributes
                0x00000000000002f6       0x34 ./Core/Src/sysmem.o
 .ARM.attributes
                0x000000000000032a       0x34 ./Core/Src/system_stm32f4xx.o
 .ARM.attributes
                0x000000000000035e       0x34 ./Core/Src/tim.o
 .ARM.attributes
                0x0000000000000392       0x34 ./Core/Src/usart.o
 .ARM.attributes
                0x00000000000003c6       0x34 ./Core/Src/vnh5019.o
 .ARM.attributes
                0x00000000000003fa       0x21 ./Core/Startup/startup_stm32f429zitx.o
 .ARM.attributes
                0x000000000000041b       0x34 ./Drivers/STM32F4xx_HAL_Driver/Src/stm32f4xx_hal.o
 .ARM.attributes
                0x000000000000044f       0x34 ./Drivers/STM32F4xx_HAL_Driver/Src/stm32f4xx_hal_cortex.o
 .ARM.attributes
                0x0000000000000483       0x34 ./Drivers/STM32F4xx_HAL_Driver/Src/stm32f4xx_hal_dma.o
 .ARM.attributes
                0x00000000000004b7       0x34 ./Drivers/STM32F4xx_HAL_Driver/Src/stm32f4xx_hal_gpio.o
 .ARM.attributes
                0x00000000000004eb       0x34 ./Drivers/STM32F4xx_HAL_Driver/Src/stm32f4xx_hal_pwr_ex.o
 .ARM.attributes
                0x000000000000051f       0x34 ./Drivers/STM32F4xx_HAL_Driver/Src/stm32f4xx_hal_rcc.o
 .ARM.attributes
                0x0000000000000553       0x34 ./Drivers/STM32F4xx_HAL_Driver/Src/stm32f4xx_hal_tim.o
 .ARM.attributes