../Core/Inc/robot.h:28:7:Robot::Robot()	24	static
../Core/Src/main.cpp:71:6:void motor_PID_test(int)	16	static
../Core/Src/main.cpp:80:6:void speed_init()	4	static
../Core/Src/main.cpp:89:6:void get_odom_vel()	4	static
../Core/Src/main.cpp:95:6:void HAL_TIM_PeriodElapsedCallback(TIM_HandleTypeDef*)	24	static
../Core/Src/main.cpp:123:5:int main()	8	static
../Core/Src/main.cpp:179:6:void SystemClock_Config()	88	static
../Core/Src/main.cpp:239:6:void Error_Handler()	4	static,ignoring_inline_asm
../Core/Src/main.cpp:248:1:void __static_initialization_and_destruction_0(int, int)	16	static
../Core/Src/main.cpp:248:1:cpp)	8	static
