../Core/Inc/robot.h:28:7:Robot::Robot()	24	static
../Core/Src/main.cpp:72:6:void motor_PID_test(int)	16	static
../Core/Src/main.cpp:81:6:void robot_state_init()	4	static
../Core/Src/main.cpp:93:6:void update_odom_vel()	4	static
../Core/Src/main.cpp:99:6:void update_odom_pose()	48	static
../Core/Src/main.cpp:108:6:void HAL_TIM_PeriodElapsedCallback(TIM_HandleTypeDef*)	24	static
../Core/Src/main.cpp:136:5:int main()	8	static
../Core/Src/main.cpp:195:6:void SystemClock_Config()	88	static
../Core/Src/main.cpp:255:6:void Error_Handler()	4	static,ignoring_inline_asm
../Core/Src/main.cpp:264:1:void __static_initialization_and_destruction_0(int, int)	16	static
../Core/Src/main.cpp:264:1:cpp)	8	static
